   Compiling stars v0.3.0 (/Users/wonder/Code/stars/research/txflow_verify_20261008/snapshot)
warning: unused variable: `cfg`
   --> src/trader.rs:973:13
    |
973 |         let cfg = TradeConfig {
    |             ^^^ help: if this is intentional, prefix it with an underscore: `_cfg`
    |
    = note: `#[warn(unused_variables)]` (part of `#[warn(unused)]`) on by default

warning: variable does not need to be mutable
    --> src/trader.rs:1126:20
     |
1126 |       let (mut w,a,mut m,mut p,mut c)=fixture();c.margin_buffer=1.;
     |                    ----^
     |                    |
     |                    help: remove this `mut`
     |
     = note: `#[warn(unused_mut)]` (part of `#[warn(unused)]`) on by default

warning: variable does not need to be mutable
    --> src/trader.rs:1126:26
     |
1126 |       let (mut w,a,mut m,mut p,mut c)=fixture();c.margin_buffer=1.;
     |                          ----^
     |                          |
     |                          help: remove this `mut`

warning: `stars` (bin "stars" test) generated 3 warnings (run `cargo fix --bin "stars" --tests` to apply 2 suggestions)
    Finished `test` profile [unoptimized + debuginfo] target(s) in 3.32s
     Running unittests src/main.rs (target/debug/deps/stars-5e124cc3b84b30ce)

running 2 tests
test trader::txflow_portfolio_tests::verify_attack_a_boundaries_and_d ... A boundary ratio=0.5 result=Ok([500.0, 500.0, 500.0, 500.0, 500.0, 500.0])
A boundary ratio=0.500000001 result=Ok([500.0, 499.0, 499.0, 500.0, 499.0, 499.0])
A boundary ratio=0.51 result=Err(TxFlow 最终单币名义超净值 50%)
A invalid/low max leverage rejected; D missing short leaves 2 names rejected
ok
test trader::txflow_portfolio_tests::verify_attack_a_external_position ... A visible unknown other DEX position rejected (not proof API includes other DEX)
ok

test result: ok. 2 passed; 0 failed; 0 ignored; 0 measured; 64 filtered out; finished in 0.00s

