warning: unused variable: `cfg`
   --> src/trader.rs:973:13
    |
973 |         let cfg = TradeConfig {
    |             ^^^ help: if this is intentional, prefix it with an underscore: `_cfg`
    |
    = note: `#[warn(unused_variables)]` (part of `#[warn(unused)]`) on by default

warning: variable does not need to be mutable
    --> src/trader.rs:1126:20
     |
1126 |       let (mut w,a,mut m,mut p,mut c)=fixture();c.margin_buffer=1.;
     |                    ----^
     |                    |
     |                    help: remove this `mut`
     |
     = note: `#[warn(unused_mut)]` (part of `#[warn(unused)]`) on by default

warning: variable does not need to be mutable
    --> src/trader.rs:1126:26
     |
1126 |       let (mut w,a,mut m,mut p,mut c)=fixture();c.margin_buffer=1.;
     |                          ----^
     |                          |
     |                          help: remove this `mut`

warning: `stars` (bin "stars" test) generated 3 warnings (run `cargo fix --bin "stars" --tests` to apply 2 suggestions)
    Finished `test` profile [unoptimized + debuginfo] target(s) in 0.16s
     Running unittests src/main.rs (target/debug/deps/stars-5e124cc3b84b30ce)

running 10 tests
test trader::txflow_portfolio_tests::txflow_actual_low_leverage_or_isolated_positions_fail_admission ... ok
test trader::txflow_portfolio_tests::txflow_balanced_portfolio_without_resting_orders_is_admitted ... ok
test trader::txflow_portfolio_tests::txflow_invalid_weight_and_missing_target_price_fail_closed ... ok
test trader::txflow_portfolio_tests::txflow_margin_gate_rejects_small_balanced_resting_fills ... ok
test trader::txflow_portfolio_tests::txflow_possible_open_orders_cannot_exceed_final_margin ... ok
test trader::txflow_portfolio_tests::txflow_reduce_only_fill_can_break_neutrality ... ok
test trader::txflow_portfolio_tests::txflow_retained_slot_position_cannot_exceed_risk_budget ... ok
test trader::txflow_portfolio_tests::verify_attack_a_boundaries_and_d ... A boundary ratio=0.5 result=Ok([500.0, 500.0, 500.0, 500.0, 500.0, 500.0])
A boundary ratio=0.500000001 result=Ok([499.0, 500.0, 499.0, 500.0, 499.0, 499.0])
A boundary ratio=0.51 result=Err(TxFlow 最终单币名义超净值 50%)
A invalid/low max leverage rejected; D missing short leaves 2 names rejected
ok
test trader::txflow_portfolio_tests::verify_attack_a_external_position ... A visible unknown other DEX position rejected (not proof API includes other DEX)
ok
test trader::txflow_portfolio_tests::verify_attack_e_hl_differential ... E 6 HL build_plan fixtures byte-identical Debug outputs vs HEAD
ok

test result: ok. 10 passed; 0 failed; 0 ignored; 0 measured; 56 filtered out; finished in 0.00s

