   Compiling stars v0.3.0 (/Users/wonder/Code/stars/research/txflow_verify_20261008/snapshot)
warning: unused variable: `cfg`
   --> src/trader.rs:973:13
    |
973 |         let cfg = TradeConfig {
    |             ^^^ help: if this is intentional, prefix it with an underscore: `_cfg`
    |
    = note: `#[warn(unused_variables)]` (part of `#[warn(unused)]`) on by default

warning: variable does not need to be mutable
    --> src/trader.rs:1126:20
     |
1126 |       let (mut w,a,mut m,mut p,mut c)=fixture();c.margin_buffer=1.;
     |                    ----^
     |                    |
     |                    help: remove this `mut`
     |
     = note: `#[warn(unused_mut)]` (part of `#[warn(unused)]`) on by default

warning: variable does not need to be mutable
    --> src/trader.rs:1126:26
     |
1126 |       let (mut w,a,mut m,mut p,mut c)=fixture();c.margin_buffer=1.;
     |                          ----^
     |                          |
     |                          help: remove this `mut`

warning: `stars` (bin "stars" test) generated 3 warnings (run `cargo fix --bin "stars" --tests` to apply 2 suggestions)
    Finished `test` profile [unoptimized + debuginfo] target(s) in 5.74s
     Running unittests src/main.rs (target/debug/deps/stars-5e124cc3b84b30ce)

running 6 tests
test trader::txflow_portfolio_tests::verify_attack_a_boundaries_and_d ... A boundary ratio=0.5 result=Ok([500.0, 500.0, 500.0, 500.0, 500.0, 500.0])
A boundary ratio=0.500000001 result=Ok([499.0, 499.0, 500.0, 499.0, 499.0, 500.0])
A boundary ratio=0.51 result=Err(TxFlow 最终单币名义超净值 50%)
A invalid/low max leverage rejected; D missing short leaves 2 names rejected
ok
test trader::txflow_portfolio_tests::verify_attack_a_external_position ... A visible unknown other DEX position rejected (not proof API includes other DEX)
ok
test trader::txflow_portfolio_tests::verify_attack_e_hl_differential ... 
thread 'trader::txflow_portfolio_tests::verify_attack_e_hl_differential' (55043377) panicked at src/trader.rs:1149:10:
assertion `left == right` failed
  left: "Plan { equity: 1000.0, gross_notional: 2699.9999999999995, per_coin: 450.0, long_leg: [\"C0\", \"C1\", \"C2\"], short_leg: [\"C3\", \"C4\", \"C5\"], orders: [Order { coin: \"C0\", buy: true, reduce_only: true, target: 0.0, size: 2.0, mid: 100.0, sz_decimals: 2, notional: 200.0, reason: \"反手平仓\" }, Order { coin: \"C4\", buy: false, reduce_only: false, target: -4.5, size: 4.5, mid: 100.0, sz_decimals: 2, notional: 450.0, reason: \"开空\" }, Order { coin: \"C0\", buy: true, reduce_only: false, target: 4.5, size: 4.5, mid: 100.0, sz_decimals: 2, notional: 450.0, reason: \"开多\" }, Order { coin: \"C5\", buy: false, reduce_only: false, target: -4.5, size: 4.5, mid: 100.0, sz_decimals: 2, notional: 450.0, reason: \"开空\" }, Order { coin: \"C2\", buy: true, reduce_only: false, target: 4.5, size: 4.5, mid: 100.0, sz_decimals: 2, notional: 450.0, reason: \"开多\" }, Order { coin: \"C3\", buy: false, reduce_only: false, target: -4.5, size: 4.5, mid: 100.0, sz_decimals: 2, notional: 450.0, reason: \"开空\" }, Order { coin: \"C1\", buy: true, reduce_only: false, target: 4.5, size: 4.5, mid: 100.0, sz_decimals: 2, notional: 450.0, reason: \"开多\" }], notes: [], held: [\"C0\"] }"
 right: "Plan { equity: 1000.0, gross_notional: 2699.9999999999995, per_coin: 450.0, long_leg: [\"C0\", \"C1\", \"C2\"], short_leg: [\"C3\", \"C4\", \"C5\"], orders: [Order { coin: \"C0\", buy: true, reduce_only: true, target: 0.0, size: 2.0, mid: 100.0, sz_decimals: 2, notional: 200.0, reason: \"反手平仓\" }, Order { coin: \"C1\", buy: true, reduce_only: false, target: 4.5, size: 4.5, mid: 100.0, sz_decimals: 2, notional: 450.0, reason: \"开多\" }, Order { coin: \"C5\", buy: false, reduce_only: false, target: -4.5, size: 4.5, mid: 100.0, sz_decimals: 2, notional: 450.0, reason: \"开空\" }, Order { coin: \"C2\", buy: true, reduce_only: false, target: 4.5, size: 4.5, mid: 100.0, sz_decimals: 2, notional: 450.0, reason: \"开多\" }, Order { coin: \"C0\", buy: true, reduce_only: false, target: 4.5, size: 4.5, mid: 100.0, sz_decimals: 2, notional: 450.0, reason: \"开多\" }, Order { coin: \"C4\", buy: false, reduce_only: false, target: -4.5, size: 4.5, mid: 100.0, sz_decimals: 2, notional: 450.0, reason: \"开空\" }, Order { coin: \"C3\", buy: false, reduce_only: false, target: -4.5, size: 4.5, mid: 100.0, sz_decimals: 2, notional: 450.0, reason: \"开空\" }], notes: [], held: [\"C0\"] }"
note: run with `RUST_BACKTRACE=1` environment variable to display a backtrace
FAILED
test txflow::fix_regressions::verify_attack_b_restart ... B clean restart persists; BROKEN corrupt state silently loses recovery despite .bak/no error
ok
test txflow::fix_regressions::verify_attack_b_tolerance ... B residual 0.009 per leg ($0.90) accepted reads=2
ok
test txflow::fix_regressions::verify_attack_b_unplanned_gross ... BROKEN B extra balanced +/-$10000 positions accepted; reads=2
ok

failures:

failures:
    trader::txflow_portfolio_tests::verify_attack_e_hl_differential

test result: FAILED. 5 passed; 1 failed; 0 ignored; 0 measured; 58 filtered out; finished in 11.13s

error: test failed, to rerun pass `--bin stars`
