warning: unused variable: `cfg`
   --> src/trader.rs:973:13
    |
973 |         let cfg = TradeConfig {
    |             ^^^ help: if this is intentional, prefix it with an underscore: `_cfg`
    |
    = note: `#[warn(unused_variables)]` (part of `#[warn(unused)]`) on by default

warning: variable does not need to be mutable
    --> src/trader.rs:1126:20
     |
1126 |       let (mut w,a,mut m,mut p,mut c)=fixture();c.margin_buffer=1.;
     |                    ----^
     |                    |
     |                    help: remove this `mut`
     |
     = note: `#[warn(unused_mut)]` (part of `#[warn(unused)]`) on by default

warning: variable does not need to be mutable
    --> src/trader.rs:1126:26
     |
1126 |       let (mut w,a,mut m,mut p,mut c)=fixture();c.margin_buffer=1.;
     |                          ----^
     |                          |
     |                          help: remove this `mut`

warning: `stars` (bin "stars" test) generated 3 warnings (run `cargo fix --bin "stars" --tests` to apply 2 suggestions)
    Finished `test` profile [unoptimized + debuginfo] target(s) in 0.15s
     Running unittests src/main.rs (target/debug/deps/stars-5e124cc3b84b30ce)

running 4 tests
test txflow::fix_regressions::verify_attack_b_final_read_failure ... B final readfail fail closed reads=4
B final readtimeout fail closed reads=4
ok
test txflow::fix_regressions::verify_attack_b_restart ... B clean restart persists; BROKEN corrupt state silently loses recovery despite .bak/no error
ok
test txflow::fix_regressions::verify_attack_b_tolerance ... B residual 0.009 per leg ($0.90) accepted reads=2
ok
test txflow::fix_regressions::verify_attack_b_unplanned_gross ... BROKEN B extra balanced +/-$10000 positions accepted; reads=2
ok

test result: ok. 4 passed; 0 failed; 0 ignored; 0 measured; 62 filtered out; finished in 27.13s

