   Compiling stars v0.3.0 (/Users/wonder/Code/stars/research/txflow_verify_20261008/final_snapshot)
warning: unused variable: `cfg`
   --> src/trader.rs:995:13
    |
995 |         let cfg = TradeConfig {
    |             ^^^ help: if this is intentional, prefix it with an underscore: `_cfg`
    |
    = note: `#[warn(unused_variables)]` (part of `#[warn(unused)]`) on by default

warning: variable does not need to be mutable
    --> src/trader.rs:1147:20
     |
1147 |       let (mut w,a,mut m,mut p,mut c)=fixture();c.margin_buffer=1.;
     |                    ----^
     |                    |
     |                    help: remove this `mut`
     |
     = note: `#[warn(unused_mut)]` (part of `#[warn(unused)]`) on by default

warning: variable does not need to be mutable
    --> src/trader.rs:1147:26
     |
1147 |       let (mut w,a,mut m,mut p,mut c)=fixture();c.margin_buffer=1.;
     |                          ----^
     |                          |
     |                          help: remove this `mut`

warning: variable does not need to be mutable
    --> src/trader.rs:1163:23
     |
1163 |       let(mut w,mut a,mut m,mut p,mut c)=fixture();a.equity=1e20;
     |                       ----^
     |                       |
     |                       help: remove this `mut`

warning: `stars` (bin "stars" test) generated 4 warnings (run `cargo fix --bin "stars" --tests` to apply 3 suggestions)
    Finished `test` profile [unoptimized + debuginfo] target(s) in 5.86s
     Running unittests src/main.rs (target/debug/deps/stars-5e124cc3b84b30ce)

running 1 test
test txflow::fix_regressions::verify_attack_b_equity_drop ... BROKEN B latest targets/gross pass but equity drops2900->500: gross7830 / actual3x margin2610 exceeds equity450 budget; reads=2
ok

test result: ok. 1 passed; 0 failed; 0 ignored; 0 measured; 73 filtered out; finished in 13.12s

