warning: unused variable: `cfg`
   --> src/trader.rs:973:13
    |
973 |         let cfg = TradeConfig {
    |             ^^^ help: if this is intentional, prefix it with an underscore: `_cfg`
    |
    = note: `#[warn(unused_variables)]` (part of `#[warn(unused)]`) on by default

warning: variable does not need to be mutable
    --> src/trader.rs:1126:20
     |
1126 |       let (mut w,a,mut m,mut p,mut c)=fixture();c.margin_buffer=1.;
     |                    ----^
     |                    |
     |                    help: remove this `mut`
     |
     = note: `#[warn(unused_mut)]` (part of `#[warn(unused)]`) on by default

warning: variable does not need to be mutable
    --> src/trader.rs:1126:26
     |
1126 |       let (mut w,a,mut m,mut p,mut c)=fixture();c.margin_buffer=1.;
     |                          ----^
     |                          |
     |                          help: remove this `mut`

warning: `stars` (bin "stars" test) generated 3 warnings (run `cargo fix --bin "stars" --tests` to apply 2 suggestions)
    Finished `test` profile [unoptimized + debuginfo] target(s) in 0.16s
     Running unittests src/main.rs (target/debug/deps/stars-5e124cc3b84b30ce)

running 5 tests
test trader::slice_plan_tests::aborted_execution_keeps_receipts_and_marks_unsent_orders ... ok
test txflow::fix_regressions::execution_partial_fill_requires_final_account_verification ... ok
test txflow::fix_regressions::execution_residual_reverse_position_is_not_success ... ok
test txflow::fix_regressions::execution_second_leg_429_requires_final_account_verification ... ok
test txflow::fix_regressions::execution_timeout_already_filled_is_confirmed_from_account ... ok

test result: ok. 5 passed; 0 failed; 0 ignored; 0 measured; 61 filtered out; finished in 25.09s

