warning: unused variable: `cfg`
   --> src/trader.rs:973:13
    |
973 |         let cfg = TradeConfig {
    |             ^^^ help: if this is intentional, prefix it with an underscore: `_cfg`
    |
    = note: `#[warn(unused_variables)]` (part of `#[warn(unused)]`) on by default

warning: variable does not need to be mutable
    --> src/trader.rs:1126:20
     |
1126 |       let (mut w,a,mut m,mut p,mut c)=fixture();c.margin_buffer=1.;
     |                    ----^
     |                    |
     |                    help: remove this `mut`
     |
     = note: `#[warn(unused_mut)]` (part of `#[warn(unused)]`) on by default

warning: variable does not need to be mutable
    --> src/trader.rs:1126:26
     |
1126 |       let (mut w,a,mut m,mut p,mut c)=fixture();c.margin_buffer=1.;
     |                          ----^
     |                          |
     |                          help: remove this `mut`

warning: `stars` (bin "stars" test) generated 3 warnings (run `cargo fix --bin "stars" --tests` to apply 2 suggestions)
    Finished `test` profile [unoptimized + debuginfo] target(s) in 0.14s
     Running unittests src/main.rs (target/debug/deps/stars-5e124cc3b84b30ce)

running 1 test
test txflow::fix_regressions::verify_attack_c_stale_metadata ... C stale nonempty 80 kept but refresh error propagated; trade entry uses ?
ok

test result: ok. 1 passed; 0 failed; 0 ignored; 0 measured; 65 filtered out; finished in 0.01s

