   Compiling stars v0.3.0 (/Users/wonder/Code/stars/research/txflow_verify_20261008/final_snapshot)
warning: unused variable: `cfg`
   --> src/trader.rs:973:13
    |
973 |         let cfg = TradeConfig {
    |             ^^^ help: if this is intentional, prefix it with an underscore: `_cfg`
    |
    = note: `#[warn(unused_variables)]` (part of `#[warn(unused)]`) on by default

warning: variable does not need to be mutable
    --> src/trader.rs:1126:20
     |
1126 |       let (mut w,a,mut m,mut p,mut c)=fixture();c.margin_buffer=1.;
     |                    ----^
     |                    |
     |                    help: remove this `mut`
     |
     = note: `#[warn(unused_mut)]` (part of `#[warn(unused)]`) on by default

warning: variable does not need to be mutable
    --> src/trader.rs:1126:26
     |
1126 |       let (mut w,a,mut m,mut p,mut c)=fixture();c.margin_buffer=1.;
     |                          ----^
     |                          |
     |                          help: remove this `mut`

warning: `stars` (bin "stars" test) generated 3 warnings (run `cargo fix --bin "stars" --tests` to apply 2 suggestions)
    Finished `test` profile [unoptimized + debuginfo] target(s) in 7.56s
     Running unittests src/main.rs (target/debug/deps/stars-5e124cc3b84b30ce)

running 1 test
test verify_final_startup::verify_attack_e_latest_isolated_startup ... 警告: TxFlow 状态文件损坏或不可读取 /var/folders/dm/94d112b17bgfmrlby9bxmd9r0000gn/T/verify-final-1198074e-1ef3-4bb9-b33a-5f5bc513444c/tx.json；拒绝启动实盘，请修复状态文件（恢复记录不得丢弃）: key must be a string at line 1 column 2
E latest startup continues with HL config intact; TxFlow error isolated before background/network
ok

test result: ok. 1 passed; 0 failed; 0 ignored; 0 measured; 71 filtered out; finished in 0.11s

