   Compiling stars v0.3.0 (/Users/wonder/Code/stars)
warning: unused variable: `cfg`
   --> src/trader.rs:864:13
    |
864 |         let cfg = TradeConfig {
    |             ^^^ help: if this is intentional, prefix it with an underscore: `_cfg`
    |
    = note: `#[warn(unused_variables)]` (part of `#[warn(unused)]`) on by default

warning: `stars` (bin "stars" test) generated 1 warning
    Finished `release` profile [optimized] target(s) in 7.11s
     Running unittests src/main.rs (target/release/deps/stars-7a9da671a4b16392)

running 1 test
test txflow::fix_regressions::backfill_preserves_complete_metadata has been running for over 60 seconds

thread 'txflow::fix_regressions::backfill_preserves_complete_metadata' (54980190) panicked at src/txflow.rs:1128:40:
assertion `left == right` failed
  left: 0
 right: 80
note: run with `RUST_BACKTRACE=1` environment variable to display a backtrace
test txflow::fix_regressions::backfill_preserves_complete_metadata ... FAILED

failures:

failures:
    txflow::fix_regressions::backfill_preserves_complete_metadata

test result: FAILED. 0 passed; 1 failed; 0 ignored; 0 measured; 28 filtered out; finished in 61.16s

error: test failed, to rerun pass `--bin stars`
