   Compiling stars v0.3.0 (/Users/wonder/Code/stars)
warning: unused variable: `cfg`
   --> src/trader.rs:864:13
    |
864 |         let cfg = TradeConfig {
    |             ^^^ help: if this is intentional, prefix it with an underscore: `_cfg`
    |
    = note: `#[warn(unused_variables)]` (part of `#[warn(unused)]`) on by default

warning: `stars` (bin "stars" test) generated 1 warning
    Finished `release` profile [optimized] target(s) in 5.52s
     Running unittests src/main.rs (target/release/deps/stars-7a9da671a4b16392)

running 1 test

thread 'txflow::fix_regressions::incomplete_metadata_is_rejected_atomically' (54982332) panicked at src/txflow.rs:1159:2:
five-market partial metadata must fail closed
note: run with `RUST_BACKTRACE=1` environment variable to display a backtrace
test txflow::fix_regressions::incomplete_metadata_is_rejected_atomically ... FAILED

failures:

failures:
    txflow::fix_regressions::incomplete_metadata_is_rejected_atomically

test result: FAILED. 0 passed; 1 failed; 0 ignored; 0 measured; 30 filtered out; finished in 0.01s

error: test failed, to rerun pass `--bin stars`
