   Compiling stars v0.3.0 (/Users/wonder/Code/stars)
warning: unused variable: `cfg`
   --> src/trader.rs:864:13
    |
864 |         let cfg = TradeConfig {
    |             ^^^ help: if this is intentional, prefix it with an underscore: `_cfg`
    |
    = note: `#[warn(unused_variables)]` (part of `#[warn(unused)]`) on by default

warning: `stars` (bin "stars" test) generated 1 warning
    Finished `release` profile [optimized] target(s) in 6.39s
     Running unittests src/main.rs (target/release/deps/stars-7a9da671a4b16392)

running 2 tests

thread 'txflow::fix_regressions::partial_fill_requires_final_account_verification' (54988996) panicked at src/txflow.rs:1193:5:
partial IOC is not a completed risk target
note: run with `RUST_BACKTRACE=1` environment variable to display a backtrace

thread 'txflow::fix_regressions::second_leg_429_requires_final_account_verification' (54988997) panicked at src/txflow.rs:1176:70:
called `Result::unwrap()` on an `Err` value: Os { code: 48, kind: AddrInUse, message: "Address already in use" }
test txflow::fix_regressions::second_leg_429_requires_final_account_verification ... FAILED
test txflow::fix_regressions::partial_fill_requires_final_account_verification ... FAILED

failures:

failures:
    txflow::fix_regressions::partial_fill_requires_final_account_verification
    txflow::fix_regressions::second_leg_429_requires_final_account_verification

test result: FAILED. 0 passed; 2 failed; 0 ignored; 0 measured; 36 filtered out; finished in 1.07s

error: test failed, to rerun pass `--bin stars`
