   Compiling stars v0.3.0 (/Users/wonder/Code/stars)
warning: unused variable: `cfg`
   --> src/trader.rs:897:13
    |
897 |         let cfg = TradeConfig {
    |             ^^^ help: if this is intentional, prefix it with an underscore: `_cfg`
    |
    = note: `#[warn(unused_variables)]` (part of `#[warn(unused)]`) on by default

warning: `stars` (bin "stars" test) generated 1 warning
    Finished `release` profile [optimized] target(s) in 6.24s
     Running unittests src/main.rs (target/release/deps/stars-7a9da671a4b16392)

running 1 test

thread 'txflow::fix_regressions::pending_recovery_takes_priority_over_today_success_timestamp' (54991137) panicked at src/txflow.rs:1212:5:
pending recovery must not wait until tomorrow or next slice
note: run with `RUST_BACKTRACE=1` environment variable to display a backtrace
test txflow::fix_regressions::pending_recovery_takes_priority_over_today_success_timestamp ... FAILED

failures:

failures:
    txflow::fix_regressions::pending_recovery_takes_priority_over_today_success_timestamp

test result: FAILED. 0 passed; 1 failed; 0 ignored; 0 measured; 38 filtered out; finished in 0.00s

error: test failed, to rerun pass `--bin stars`
