warning: unused variable: `cfg`
   --> src/trader.rs:864:13
    |
864 |         let cfg = TradeConfig {
    |             ^^^ help: if this is intentional, prefix it with an underscore: `_cfg`
    |
    = note: `#[warn(unused_variables)]` (part of `#[warn(unused)]`) on by default

warning: `stars` (bin "stars" test) generated 1 warning
    Finished `release` profile [optimized] target(s) in 0.15s
     Running unittests src/main.rs (target/release/deps/stars-7a9da671a4b16392)

running 1 test

thread 'txflow::fix_regressions::partial_books_preserve_successful_prices' (54984394) panicked at src/txflow.rs:1149:20:
one failed book must not erase the successful book: TxFlow 买盘为空
note: run with `RUST_BACKTRACE=1` environment variable to display a backtrace
test txflow::fix_regressions::partial_books_preserve_successful_prices ... FAILED

failures:

failures:
    txflow::fix_regressions::partial_books_preserve_successful_prices

test result: FAILED. 0 passed; 1 failed; 0 ignored; 0 measured; 31 filtered out; finished in 1.01s

error: test failed, to rerun pass `--bin stars`
