   Compiling stars v0.3.0 (/Users/wonder/Code/stars)
warning: unused variable: `cfg`
   --> src/trader.rs:864:13
    |
864 |         let cfg = TradeConfig {
    |             ^^^ help: if this is intentional, prefix it with an underscore: `_cfg`
    |
    = note: `#[warn(unused_variables)]` (part of `#[warn(unused)]`) on by default

warning: `stars` (bin "stars" test) generated 1 warning
    Finished `release` profile [optimized] target(s) in 6.52s
     Running unittests src/main.rs (target/release/deps/stars-7a9da671a4b16392)

running 1 test

thread 'live::txflow_fix_tests::txflow_concentration_and_net_exposure_are_hard_limits' (54986054) panicked at src/live.rs:1433:9:
assertion failed: ensure_candidates(&concentrated, &liquid, &cfg, 20, "mock").is_err()
note: run with `RUST_BACKTRACE=1` environment variable to display a backtrace
test live::txflow_fix_tests::txflow_concentration_and_net_exposure_are_hard_limits ... FAILED

failures:

failures:
    live::txflow_fix_tests::txflow_concentration_and_net_exposure_are_hard_limits

test result: FAILED. 0 passed; 1 failed; 0 ignored; 0 measured; 33 filtered out; finished in 0.00s

error: test failed, to rerun pass `--bin stars`
