   Compiling stars v0.3.0 (/Users/wonder/Code/stars)
warning: unused variable: `cfg`
   --> src/trader.rs:897:13
    |
897 |         let cfg = TradeConfig {
    |             ^^^ help: if this is intentional, prefix it with an underscore: `_cfg`
    |
    = note: `#[warn(unused_variables)]` (part of `#[warn(unused)]`) on by default

warning: `stars` (bin "stars" test) generated 1 warning
    Finished `release` profile [optimized] target(s) in 6.90s
     Running unittests src/main.rs (target/release/deps/stars-7a9da671a4b16392)

running 2 tests

thread 'txflow::fix_regressions::scheduler_info_submit_approve_share_spacing' (54995740) panicked at src/txflow.rs:1253:2:
read/write/approve did not share the one-second scheduler: [Instant { tv_sec: 1641056, tv_nsec: 843077541 }, Instant { tv_sec: 1641056, tv_nsec: 843493625 }, Instant { tv_sec: 1641057, tv_nsec: 145486875 }]
note: run with `RUST_BACKTRACE=1` environment variable to display a backtrace
test txflow::fix_regressions::scheduler_info_submit_approve_share_spacing ... FAILED

thread 'txflow::fix_regressions::scheduler_reads_retry_429_only_once' (54995741) panicked at src/txflow.rs:1237:2:
assertion `left == right` failed: 429 permits exactly one retry
  left: 3
 right: 2
test txflow::fix_regressions::scheduler_reads_retry_429_only_once ... FAILED

failures:

failures:
    txflow::fix_regressions::scheduler_info_submit_approve_share_spacing
    txflow::fix_regressions::scheduler_reads_retry_429_only_once

test result: FAILED. 0 passed; 2 failed; 0 ignored; 0 measured; 39 filtered out; finished in 3.01s

error: test failed, to rerun pass `--bin stars`
