   Compiling stars v0.3.0 (/Users/wonder/Code/stars)
warning: unused variable: `cfg`
   --> src/trader.rs:897:13
    |
897 |         let cfg = TradeConfig {
    |             ^^^ help: if this is intentional, prefix it with an underscore: `_cfg`
    |
    = note: `#[warn(unused_variables)]` (part of `#[warn(unused)]`) on by default

warning: calls to `std::mem::drop` with a value that implements `Copy` does nothing
    --> src/txflow.rs:1300:6
     |
1300 |      drop(next.as_ref());server.abort();let _=server.await;std::fs::remove_dir_all(root).unwrap();
     |      ^^^^^-------------^
     |           |
     |           argument has type `Result<&txflow::Client, &anyhow::Error>`
     |
     = note: `#[warn(dropping_copy_types)]` on by default
help: use `let _ = ...` to ignore the expression or result
     |
1300 -      drop(next.as_ref());server.abort();let _=server.await;std::fs::remove_dir_all(root).unwrap();
1300 +      let _ = next.as_ref();server.abort();let _=server.await;std::fs::remove_dir_all(root).unwrap();
     |

warning: `stars` (bin "stars" test) generated 2 warnings
    Finished `release` profile [optimized] target(s) in 6.79s
     Running unittests src/main.rs (target/release/deps/stars-7a9da671a4b16392)

running 1 test

thread 'txflow::fix_regressions::account_lock_excludes_a_second_process_and_releases_on_drop' (54999874) panicked at src/txflow.rs:1301:6:
child stdout: 
running 1 test
test txflow::fix_regressions::account_lock_child ... FAILED

failures:

failures:
    txflow::fix_regressions::account_lock_child

test result: FAILED. 0 passed; 1 failed; 0 ignored; 0 measured; 42 filtered out; finished in 0.00s

 stderr: 
thread 'txflow::fix_regressions::account_lock_child' (54999876) panicked at src/txflow.rs:1282:6:
second process must fail at account lock
note: run with `RUST_BACKTRACE=1` environment variable to display a backtrace

note: run with `RUST_BACKTRACE=1` environment variable to display a backtrace
test txflow::fix_regressions::account_lock_excludes_a_second_process_and_releases_on_drop ... FAILED

failures:

failures:
    txflow::fix_regressions::account_lock_excludes_a_second_process_and_releases_on_drop

test result: FAILED. 0 passed; 1 failed; 0 ignored; 0 measured; 42 filtered out; finished in 1.01s

error: test failed, to rerun pass `--bin stars`
