   Compiling stars v0.3.0 (/Users/wonder/Code/stars)
warning: unused variable: `cfg`
   --> src/trader.rs:947:13
    |
947 |         let cfg = TradeConfig {
    |             ^^^ help: if this is intentional, prefix it with an underscore: `_cfg`
    |
    = note: `#[warn(unused_variables)]` (part of `#[warn(unused)]`) on by default

warning: `stars` (bin "stars" test) generated 1 warning
    Finished `release` profile [optimized] target(s) in 6.49s
     Running unittests src/main.rs (target/release/deps/stars-7a9da671a4b16392)

running 2 tests

thread 'txflow::fix_regressions::pnl_read_errors_are_not_zero_profit' (55015672) panicked at src/txflow.rs:1339:44:
read errors must not become cached zero profit
note: run with `RUST_BACKTRACE=1` environment variable to display a backtrace
test txflow::fix_regressions::pnl_read_errors_are_not_zero_profit ... FAILED

thread 'txflow::fix_regressions::pnl_cache_is_account_scoped' (55015671) panicked at src/txflow.rs:1336:56:
assertion `left == right` failed: same interval must not reuse another account PNL
  left: 1.0
 right: 2.0
test txflow::fix_regressions::pnl_cache_is_account_scoped ... FAILED

failures:

failures:
    txflow::fix_regressions::pnl_cache_is_account_scoped
    txflow::fix_regressions::pnl_read_errors_are_not_zero_profit

test result: FAILED. 0 passed; 2 failed; 0 ignored; 0 measured; 48 filtered out; finished in 11.03s

error: test failed, to rerun pass `--bin stars`
