   Compiling stars v0.3.0 (/Users/wonder/Code/stars)
warning: unused variable: `cfg`
   --> src/trader.rs:986:13
    |
986 |         let cfg = TradeConfig {
    |             ^^^ help: if this is intentional, prefix it with an underscore: `_cfg`
    |
    = note: `#[warn(unused_variables)]` (part of `#[warn(unused)]`) on by default

warning: `stars` (bin "stars" test) generated 1 warning
    Finished `release` profile [optimized] target(s) in 7.48s
     Running unittests src/main.rs (target/release/deps/stars-7a9da671a4b16392)

running 5 tests
警告: TxFlow 状态文件损坏或不可读取 /var/folders/dm/94d112b17bgfmrlby9bxmd9r0000gn/T/report5-bb694cef-f41e-444e-844f-b653016f48cc/state.json；拒绝启动实盘，请修复状态文件（恢复记录不得丢弃）: 缺失必填 config.account
test live::report5_state_tests::report5_required_fields_and_unknown_fields ... ok
警告: TxFlow 状态文件损坏或不可读取 /var/folders/dm/94d112b17bgfmrlby9bxmd9r0000gn/T/report5-c0c4a88d-3d36-4416-8d59-b87717634b19/state.json；拒绝启动实盘，请修复状态文件（恢复记录不得丢弃）: key must be a string at line 1 column 2
test live::report5_state_tests::report5_corrupt_state_fails_closed ... ok
prelim=["TxFlow 最终账户未达到逐币目标、逐币敞口、总敞口或净敞口门槛，必须受控恢复"] orders=["卖 C1-USDC 开仓 39.150000 · 成交 39.15@100 · 开空", "买 C0-USDC 开仓 39.150000 · 成交 39.15@100 · 开多"]
test txflow::fix_regressions::report5_unplanned_balanced_gross_must_abort ... ok
test txflow::fix_regressions::report5_balanced_1000x_must_abort_and_recover ... ok
test txflow::fix_regressions::report5_realistic_rounding_is_accepted ... ok

test result: ok. 5 passed; 0 failed; 0 ignored; 0 measured; 58 filtered out; finished in 17.04s

