   Compiling stars v0.3.0 (/Users/wonder/Code/stars)
warning: unused variable: `cfg`
   --> src/trader.rs:973:13
    |
973 |         let cfg = TradeConfig {
    |             ^^^ help: if this is intentional, prefix it with an underscore: `_cfg`
    |
    = note: `#[warn(unused_variables)]` (part of `#[warn(unused)]`) on by default

warning: `stars` (bin "stars" test) generated 1 warning
    Finished `release` profile [optimized] target(s) in 7.21s
     Running unittests src/main.rs (target/release/deps/stars-7a9da671a4b16392)

running 1 test
prelim=["TxFlow 最终账户已核验逐币目标及净敞口"] orders=["卖 C1-USDC 开仓 39.150000 · 成交 39.15@100 · 开空", "买 C0-USDC 开仓 39.150000 · 成交 39.15@100 · 开多"]

thread 'txflow::fix_regressions::report5_unplanned_balanced_gross_must_abort' (55054116) panicked at src/txflow.rs:1255:183:
extra +/-$10000 must abort despite zero net
note: run with `RUST_BACKTRACE=1` environment variable to display a backtrace
test txflow::fix_regressions::report5_unplanned_balanced_gross_must_abort ... FAILED

failures:

failures:
    txflow::fix_regressions::report5_unplanned_balanced_gross_must_abort

test result: FAILED. 0 passed; 1 failed; 0 ignored; 0 measured; 61 filtered out; finished in 5.02s

error: test failed, to rerun pass `--bin stars`
