warning: unused variable: `cfg`
   --> src/trader.rs:897:13
    |
897 |         let cfg = TradeConfig {
    |             ^^^ help: if this is intentional, prefix it with an underscore: `_cfg`
    |
    = note: `#[warn(unused_variables)]` (part of `#[warn(unused)]`) on by default

warning: `stars` (bin "stars" test) generated 1 warning
    Finished `release` profile [optimized] target(s) in 0.16s
     Running unittests src/main.rs (target/release/deps/stars-7a9da671a4b16392)

running 10 tests
test txflow::fix_regressions::pending_recovery_takes_priority_over_today_success_timestamp ... ok
test txflow::fix_regressions::scheduler_info_submit_approve_share_spacing ... ok
test txflow::fix_regressions::incomplete_metadata_is_rejected_atomically ... ok
test txflow::fix_regressions::execution_timeout_already_filled_is_confirmed_from_account ... ok
test txflow::fix_regressions::execution_second_leg_429_requires_final_account_verification ... ok
test txflow::fix_regressions::scheduler_reads_retry_429_only_once ... ok
test txflow::fix_regressions::backfill_preserves_complete_metadata has been running for over 60 seconds
test txflow::fix_regressions::execution_partial_fill_requires_final_account_verification has been running for over 60 seconds
test txflow::fix_regressions::execution_residual_reverse_position_is_not_success has been running for over 60 seconds
test txflow::fix_regressions::partial_books_preserve_successful_prices has been running for over 60 seconds
full meta 80 -> backfill meta 0, status ready
test txflow::fix_regressions::backfill_preserves_complete_metadata ... ok
test txflow::fix_regressions::execution_residual_reverse_position_is_not_success ... ok
test txflow::fix_regressions::partial_books_preserve_successful_prices ... ok
test txflow::fix_regressions::execution_partial_fill_requires_final_account_verification ... ok

test result: ok. 10 passed; 0 failed; 0 ignored; 0 measured; 31 filtered out; finished in 95.19s

