   Compiling stars v0.3.0 (/Users/wonder/Code/stars)
warning: unused variable: `cfg`
   --> src/trader.rs:973:13
    |
973 |         let cfg = TradeConfig {
    |             ^^^ help: if this is intentional, prefix it with an underscore: `_cfg`
    |
    = note: `#[warn(unused_variables)]` (part of `#[warn(unused)]`) on by default

warning: `stars` (bin "stars" test) generated 1 warning
    Finished `release` profile [optimized] target(s) in 8.56s
     Running unittests src/main.rs (target/release/deps/stars-7a9da671a4b16392)

running 3 tests
test live::report5_state_tests::report5_required_fields_and_unknown_fields ... FAILED
test live::report5_state_tests::report5_corrupt_state_fails_closed ... FAILED
test txflow::fix_regressions::report5_balanced_1000x_must_abort_and_recover ... ok

failures:

---- live::report5_state_tests::report5_required_fields_and_unknown_fields stdout ----

thread 'live::report5_state_tests::report5_required_fields_and_unknown_fields' (55051663) panicked at src/live.rs:1568:191:
missing required account must be explicit error
note: run with `RUST_BACKTRACE=1` environment variable to display a backtrace

---- live::report5_state_tests::report5_corrupt_state_fails_closed stdout ----

thread 'live::report5_state_tests::report5_corrupt_state_fails_closed' (55051662) panicked at src/live.rs:1562:3:
corrupt state must return explicit error instead of losing recovery


failures:
    live::report5_state_tests::report5_corrupt_state_fails_closed
    live::report5_state_tests::report5_required_fields_and_unknown_fields

test result: FAILED. 1 passed; 2 failed; 0 ignored; 0 measured; 58 filtered out; finished in 5.02s

error: test failed, to rerun pass `--bin stars`
