warning: unused variable: `cfg`
   --> src/trader.rs:897:13
    |
897 |         let cfg = TradeConfig {
    |             ^^^ help: if this is intentional, prefix it with an underscore: `_cfg`
    |
    = note: `#[warn(unused_variables)]` (part of `#[warn(unused)]`) on by default

warning: calls to `std::mem::drop` with a value that implements `Copy` does nothing
    --> src/txflow.rs:1300:6
     |
1300 |      drop(next.as_ref());server.abort();let _=server.await;std::fs::remove_dir_all(root).unwrap();
     |      ^^^^^-------------^
     |           |
     |           argument has type `Result<&txflow::Client, &anyhow::Error>`
     |
     = note: `#[warn(dropping_copy_types)]` on by default
help: use `let _ = ...` to ignore the expression or result
     |
1300 -      drop(next.as_ref());server.abort();let _=server.await;std::fs::remove_dir_all(root).unwrap();
1300 +      let _ = next.as_ref();server.abort();let _=server.await;std::fs::remove_dir_all(root).unwrap();
     |

warning: `stars` (bin "stars" test) generated 2 warnings
    Finished `release` profile [optimized] target(s) in 0.16s
     Running unittests src/main.rs (target/release/deps/stars-7a9da671a4b16392)

running 12 tests
test txflow::fix_regressions::pending_recovery_takes_priority_over_today_success_timestamp ... ok
test txflow::fix_regressions::account_lock_child ... ok
test txflow::fix_regressions::incomplete_metadata_is_rejected_atomically ... ok
test txflow::fix_regressions::execution_timeout_already_filled_is_confirmed_from_account ... ok
test txflow::fix_regressions::partial_books_preserve_successful_prices ... ok
test txflow::fix_regressions::execution_residual_reverse_position_is_not_success ... ok
test txflow::fix_regressions::execution_partial_fill_requires_final_account_verification ... ok

thread 'txflow::fix_regressions::account_lock_excludes_a_second_process_and_releases_on_drop' (55000018) panicked at src/txflow.rs:1301:6:
child stdout: 
running 1 test
test txflow::fix_regressions::account_lock_child ... FAILED

failures:

failures:
    txflow::fix_regressions::account_lock_child

test result: FAILED. 0 passed; 1 failed; 0 ignored; 0 measured; 42 filtered out; finished in 0.00s

 stderr: 
thread 'txflow::fix_regressions::account_lock_child' (55000489) panicked at src/txflow.rs:1282:6:
second process must fail at account lock
note: run with `RUST_BACKTRACE=1` environment variable to display a backtrace

note: run with `RUST_BACKTRACE=1` environment variable to display a backtrace
test txflow::fix_regressions::account_lock_excludes_a_second_process_and_releases_on_drop ... FAILED
test txflow::fix_regressions::scheduler_info_submit_approve_share_spacing ... ok
test txflow::fix_regressions::scheduler_reads_retry_429_only_once ... ok
test txflow::fix_regressions::backfill_preserves_complete_metadata has been running for over 60 seconds
test txflow::fix_regressions::execution_second_leg_429_requires_final_account_verification has been running for over 60 seconds
full meta 80 -> backfill meta 0, status ready
test txflow::fix_regressions::backfill_preserves_complete_metadata ... ok
test txflow::fix_regressions::execution_second_leg_429_requires_final_account_verification ... ok

failures:

failures:
    txflow::fix_regressions::account_lock_excludes_a_second_process_and_releases_on_drop

test result: FAILED. 11 passed; 1 failed; 0 ignored; 0 measured; 31 filtered out; finished in 97.20s

error: test failed, to rerun pass `--bin stars`
