   Compiling stars v0.3.0 (/Users/wonder/Code/stars)
error[E0599]: no method named `context` found for enum `std::option::Option<T>` in the current scope
   --> src/live.rs:566:29
    |
566 |         let hs=signal_store.context("TxFlow 缺少 Hyperliquid 信号源，拒绝计划")?;
    |                             ^^^^^^^
    |
   ::: /Users/wonder/.cargo/registry/src/index.crates.io-1949cf8c6b5b557f/anyhow-1.0.104/src/lib.rs:618:8
    |
618 |     fn context<C>(self, context: C) -> Result<T, Error>
    |        ------- the method is available for `std::option::Option<&store::Store>` here
    |
    = help: items from traits can only be used if the trait is in scope
help: trait `Context` which provides `context` is implemented but not in scope; perhaps you want to import it
    |
  7 + use anyhow::Context;
    |
help: there is a method `with_context` with a similar name
    |
566 |         let hs=signal_store.with_context("TxFlow 缺少 Hyperliquid 信号源，拒绝计划")?;
    |                             +++++

warning: unused variable: `cfg`
   --> src/trader.rs:973:13
    |
973 |         let cfg = TradeConfig {
    |             ^^^ help: if this is intentional, prefix it with an underscore: `_cfg`
    |
    = note: `#[warn(unused_variables)]` (part of `#[warn(unused)]`) on by default

For more information about this error, try `rustc --explain E0599`.
warning: `stars` (bin "stars" test) generated 1 warning
error: could not compile `stars` (bin "stars" test) due to 1 previous error; 1 warning emitted
