   Compiling stars v0.3.0 (/Users/wonder/Code/stars)
warning: unused variable: `cfg`
   --> src/trader.rs:973:13
    |
973 |         let cfg = TradeConfig {
    |             ^^^ help: if this is intentional, prefix it with an underscore: `_cfg`
    |
    = note: `#[warn(unused_variables)]` (part of `#[warn(unused)]`) on by default

warning: `stars` (bin "stars" test) generated 1 warning
    Finished `release` profile [optimized] target(s) in 8.11s
     Running unittests src/main.rs (target/release/deps/stars-7a9da671a4b16392)

running 1 test

thread 'live::txflow_fix_tests::txflow_signal_requires_hl_source_and_yesterdays_contiguous_bars' (55028924) panicked at src/live.rs:1544:9:
stale HL factor bars must not produce a TxFlow live signal
note: run with `RUST_BACKTRACE=1` environment variable to display a backtrace
test live::txflow_fix_tests::txflow_signal_requires_hl_source_and_yesterdays_contiguous_bars ... FAILED

failures:

failures:
    live::txflow_fix_tests::txflow_signal_requires_hl_source_and_yesterdays_contiguous_bars

test result: FAILED. 0 passed; 1 failed; 0 ignored; 0 measured; 55 filtered out; finished in 0.02s

error: test failed, to rerun pass `--bin stars`
