   Compiling stars v0.3.0 (/Users/wonder/Code/stars)
warning: unused variable: `cfg`
   --> src/trader.rs:947:13
    |
947 |         let cfg = TradeConfig {
    |             ^^^ help: if this is intentional, prefix it with an underscore: `_cfg`
    |
    = note: `#[warn(unused_variables)]` (part of `#[warn(unused)]`) on by default

warning: `stars` (bin "stars" test) generated 1 warning
    Finished `release` profile [optimized] target(s) in 7.31s
     Running unittests src/main.rs (target/release/deps/stars-7a9da671a4b16392)

running 1 test

thread 'live::txflow_fix_tests::txflow_atomic_save_preserves_previous_file_when_temp_write_fails' (55012522) panicked at src/live.rs:1493:9:
failed temporary write must abort replacement
note: run with `RUST_BACKTRACE=1` environment variable to display a backtrace
test live::txflow_fix_tests::txflow_atomic_save_preserves_previous_file_when_temp_write_fails ... FAILED

failures:

failures:
    live::txflow_fix_tests::txflow_atomic_save_preserves_previous_file_when_temp_write_fails

test result: FAILED. 0 passed; 1 failed; 0 ignored; 0 measured; 47 filtered out; finished in 0.00s

error: test failed, to rerun pass `--bin stars`
