1 141 ADSK Aug 01, 2022, 09:49 ET Autodesk Extends Invitation to Join Financial Results Conference Call
2 141 ADSK Aug 01, 2023, 08:00 ET Autodesk extends invitation to join financial results conference call
ERROR https://www.prnewswire.com/news-releases/autodesk-extends-invitation-to-join-financial-results-conference-call-and-digital-investor-day-301345617.html 0
3 141 ADSK Aug 02, 2024, 08:00 ET Autodesk extends invitation to join financial results conference call
4 141 ADSK Aug 03, 2020, 08:00 ET Autodesk Extends Invitation to Join Financial Results Conference Call
5 141 ADSK Aug 04, 2025, 08:00 ET Autodesk extends invitation to join financial results conference call
6 141 ADSK Aug 04, 2026, 08:00 ET Autodesk extends invitation to join financial results conference call
7 141 ADSK Feb 01, 2021, 08:00 ET Autodesk Extends Invitation to Join Financial Results Conference Call
8 141 ADSK Feb 01, 2022, 08:00 ET Autodesk Extends Invitation to Join Financial Results Conference Call
9 141 ADSK Feb 02, 2023, 16:01 ET Autodesk extends invitation to join financial results conference call and digital investor day
10 141 ADSK Feb 02, 2026, 08:00 ET Autodesk extends invitation to join financial results conference call
11 141 ADSK Feb 03, 2020, 08:00 ET Autodesk Extends Invitation to Join Financial Results Conference Call
12 141 ADSK Feb 05, 2024, 08:00 ET Autodesk extends invitation to join financial results conference call
13 141 ADSK Feb 05, 2025, 08:00 ET Autodesk extends invitation to join financial results conference call
14 141 ADSK Jun 10, 2024, 16:24 ET Autodesk files Forms 10-K and 10-Q and announces financial results conference call
15 141 ADSK May 01, 2020, 08:00 ET Autodesk Extends Invitation to Join Financial Results Conference Call
16 141 ADSK May 01, 2023, 08:00 ET Autodesk extends invitation to join financial results conference call
17 141 ADSK May 01, 2025, 08:00 ET Autodesk extends invitation to join financial results conference call
18 141 ADSK May 02, 2022, 08:00 ET Autodesk Extends Invitation to Join Financial Results Conference Call
19 141 ADSK May 03, 2021, 08:00 ET Autodesk Extends Invitation to Join Financial Results Conference Call
20 141 ADSK May 04, 2026, 08:00 ET Autodesk extends invitation to join financial results conference call
21 141 ADSK May 12, 2020, 08:00 ET Autodesk Reschedules Earnings Date to be a Day Earlier
22 141 ADSK Nov 01, 2022, 08:00 ET Autodesk Extends Invitation to Join Financial Results Conference Call
23 141 ADSK Nov 02, 2020, 08:00 ET Autodesk Extends Invitation to Join Financial Results Conference Call
24 141 ADSK Nov 02, 2023, 08:00 ET Autodesk extends invitation to join financial results conference call
25 141 ADSK Nov 04, 2021, 08:00 ET Autodesk Extends Invitation to Join Financial Results Conference Call
26 141 ADSK Nov 04, 2024, 08:00 ET Autodesk extends invitation to join financial results conference call
27 141 ADSK Nov 04, 2025, 08:00 ET Autodesk extends invitation to join financial results conference call
28 141 DDOG Datadog Announces Date of Second Quarter Fiscal Year 2026 Earnings Call
29 141 DDOG Datadog Announces Date of First Quarter Fiscal Year 2026 Earnings Call
30 141 DDOG Datadog Announces Date of Fourth Quarter and Fiscal Year 2025 Earnings Call
31 141 DDOG Datadog Announces Date of Second Quarter Fiscal Year 2025 Earnings Call
32 141 DDOG Apr 13, 2023, 16:05 ET Datadog Announces Date of First Quarter Fiscal Year 2023 Earnings Call
33 141 DDOG Apr 14, 2022, 16:05 ET Datadog Announces Date of First Quarter Fiscal Year 2022 Earnings Call
34 141 DDOG Apr 15, 2021, 16:05 ET Datadog Announces Date of First Quarter Fiscal Year 2021 Earnings Call
35 141 DDOG Apr 16, 2024, 16:05 ET Datadog Announces Date of First Quarter Fiscal Year 2024 Earnings Call
36 141 DDOG Jan 16, 2024, 16:05 ET Datadog Announces Date of Fourth Quarter and Fiscal Year 2023 Earnings Call
37 141 DDOG Jan 19, 2023, 16:05 ET Datadog Announces Date of Fourth Quarter and Fiscal Year 2022 Earnings Call
38 141 DDOG Jan 20, 2022, 16:05 ET Datadog Announces Date of Fourth Quarter and Fiscal Year 2021 Earnings Call
39 141 DDOG Jul 13, 2023, 16:05 ET Datadog Announces Date of Second Quarter Fiscal Year 2023 Earnings Call
40 141 DDOG Jul 14, 2022, 16:05 ET Datadog Announces Date of Second Quarter Fiscal Year 2022 Earnings Call
41 141 DDOG Jul 15, 2021, 16:10 ET Datadog Announces Date of Second Quarter Fiscal Year 2021 Earnings Call
42 141 DDOG Jul 18, 2024, 16:05 ET Datadog Announces Date of Second Quarter Fiscal Year 2024 Earnings Call
43 141 DDOG Oct 13, 2022, 16:16 ET Datadog Announces Date of Third Quarter Fiscal Year 2022 Earnings Call
44 141 DDOG Oct 14, 2021, 16:05 ET Datadog Announces Date of Third Quarter Fiscal Year 2021 Earnings Call
45 141 DDOG Oct 17, 2023, 16:05 ET Datadog Announces Date of Third Quarter Fiscal Year 2023 Earnings Call
46 141 DDOG Oct 17, 2024, 16:05 ET Datadog Announces Date of Third Quarter Fiscal Year 2024 Earnings Call
47 141 MDB Aug 04, 2026, 14:39 ET MongoDB, Inc. Announces Date of Second Quarter Fiscal 2027 Earnings Call
48 141 MDB Aug 05, 2025, 16:05 ET MongoDB, Inc. Announces Date of Second Quarter Fiscal 2026 Earnings Call
49 141 MDB Aug 08, 2024, 16:05 ET MongoDB, Inc. Announces Date of Second Quarter Fiscal 2025 Earnings Call
50 141 MDB Aug 10, 2023, 16:05 ET MongoDB, Inc. Announces Date of Second Quarter Fiscal 2024 Earnings Call
51 141 MDB Aug 11, 2022, 16:05 ET MongoDB, Inc. Announces Date of Second Quarter Fiscal 2023 Earnings Call
52 141 MDB Aug 12, 2021, 16:15 ET MongoDB, Inc. Announces Date of Second Quarter Fiscal 2022 Earnings Call
53 141 MDB Aug 13, 2020, 16:05 ET MongoDB, Inc. Announces Date of Second Quarter Fiscal 2021 Earnings Call
54 141 MDB Feb 04, 2026, 16:05 ET MongoDB, Inc. Announces Date of Fourth Quarter and Full Fiscal 2026 Earnings Call
55 141 MDB Feb 12, 2025, 16:05 ET MongoDB, Inc. Announces Date of Fourth Quarter and Full Year Fiscal 2025 Earnings Call
56 141 MDB Feb 15, 2023, 17:36 ET MongoDB, Inc. Announces Date of Fourth Quarter and Full Year Fiscal 2023 Earnings Call
57 141 MDB Feb 18, 2022, 08:00 ET MongoDB, Inc. Announces Date of Fourth Quarter and Full Year Fiscal 2022 Earnings Call
58 141 MDB Feb 19, 2021, 16:05 ET MongoDB, Inc. Announces Date of Fourth Quarter and Full Year Fiscal 2021 Earnings Call
59 141 MDB Feb 21, 2020, 08:45 ET MongoDB, Inc. Announces Date of Fourth Quarter and Full Year Fiscal 2020 Earnings Call
60 141 MDB Feb 21, 2024, 16:05 ET MongoDB, Inc. Announces Date of Fourth Quarter and Full Year Fiscal 2024 Earnings Call
61 141 MDB May 07, 2026, 10:00 ET MongoDB, Inc. Announces Date of First Quarter Fiscal 2027 Earnings Call
62 141 MDB May 10, 2024, 08:00 ET MongoDB, Inc. Announces Date of First Quarter Fiscal 2025 Earnings Call
63 141 MDB May 13, 2021, 16:05 ET MongoDB, Inc. Announces Date of First Quarter Fiscal 2022 Earnings Call
64 141 MDB May 16, 2023, 16:05 ET MongoDB, Inc. Announces Date of First Quarter Fiscal 2024 Earnings Call
65 141 MDB May 17, 2022, 16:05 ET MongoDB, Inc. Announces Date of First Quarter Fiscal 2023 Earnings Call
66 141 MDB May 19, 2020, 16:05 ET MongoDB, Inc. Announces Date of First Quarter Fiscal 2021 Earnings Call
67 141 MDB Nov 04, 2025, 16:05 ET MongoDB, Inc. Announces Date of Third Quarter Fiscal 2026 Earnings Call
68 141 MDB Nov 09, 2023, 16:05 ET MongoDB, Inc. Announces Date of Third Quarter Fiscal 2024 Earnings Call
69 141 MDB Nov 11, 2021, 16:05 ET MongoDB, Inc. Announces Date of Third Quarter Fiscal 2022 Earnings Call
70 141 MDB Nov 15, 2022, 16:05 ET MongoDB, Inc. Announces Date of Third Quarter Fiscal 2023 Earnings Call
71 141 MDB Nov 18, 2020, 16:05 ET MongoDB, Inc. Announces Date of Third Quarter Fiscal 2021 Earnings Call
72 141 MDB Nov 18, 2024, 16:05 ET MongoDB, Inc. Announces Date of Third Quarter Fiscal 2025 Earnings Call
73 141 SNPS Apr 23, 2024, 16:05 ET Synopsys Announces Earnings Release Date For Second Quarter Fiscal Year 2024
74 141 SNPS Apr 27, 2026, 16:05 ET Synopsys Announces Earnings Release Date for Second Quarter Fiscal Year 2026
75 141 SNPS Aug 03, 2022, 16:05 ET Synopsys Announces Earnings Release Date for Third Quarter Fiscal Year 2022
76 141 SNPS Aug 04, 2021, 16:05 ET Synopsys Announces Earnings Release Date for Third Quarter Fiscal Year 2021
77 141 SNPS Aug 05, 2020, 16:05 ET Synopsys Announces Earnings Release Date for Third Quarter Fiscal Year 2020
78 141 SNPS Feb 01, 2023, 16:05 ET Synopsys Announces Earnings Release Date for First Quarter Fiscal Year 2023
79 141 SNPS Feb 02, 2022, 16:05 ET Synopsys Announces Earnings Release Date for First Quarter Fiscal Year 2022
80 141 SNPS Feb 03, 2021, 16:05 ET Synopsys Announces Earnings Release Date for First Quarter Fiscal Year 2021
81 141 SNPS Feb 05, 2020, 16:05 ET Synopsys Announces Earnings Release Date for First Quarter Fiscal Year 2020
82 141 SNPS Jan 25, 2024, 16:15 ET Synopsys Announces Earnings Release Date For First Quarter Fiscal Year 2024
83 141 SNPS Jan 27, 2025, 16:05 ET Synopsys Announces Earnings Release Date For First Quarter Fiscal Year 2025
84 141 SNPS Jan 27, 2026, 16:05 ET Synopsys Announces Earnings Release Date for First Quarter Fiscal Year 2026
85 141 SNPS Jul 17, 2023, 16:05 ET Synopsys Announces Earnings Release Date for Third Quarter Fiscal Year 2023
86 141 SNPS Jul 22, 2024, 16:05 ET Synopsys Announces Earnings Release Date For Third Quarter Fiscal Year 2024
87 141 SNPS Jul 22, 2026, 16:05 ET Synopsys Announces Earnings Release Date for Third Quarter Fiscal Year 2026
88 141 SNPS Jul 30, 2025, 16:05 ET Synopsys Announces Earnings Release Date for Third Quarter Fiscal Year 2025
89 141 SNPS May 03, 2023, 16:05 ET Synopsys Announces Earnings Release Date for Second Quarter Fiscal Year 2023
90 141 SNPS May 04, 2022, 16:05 ET Synopsys Announces Earnings Release Date for Second Quarter Fiscal Year 2022
91 141 SNPS May 05, 2021, 16:05 ET Synopsys Announces Earnings Release Date for Second Quarter Fiscal Year 2021
92 141 SNPS May 06, 2020, 16:05 ET Synopsys Announces Earnings Release Date for Second Quarter Fiscal Year 2020
93 141 SNPS May 07, 2025, 16:05 ET Synopsys Announces Earnings Release Date For Second Quarter Fiscal Year 2025
94 141 SNPS Nov 09, 2022, 16:05 ET Synopsys Announces Earnings Release Date for Fourth Quarter and Fiscal Year 2022
95 141 SNPS Nov 10, 2021, 16:05 ET Synopsys Announces Earnings Release Date for Fourth Quarter and Fiscal Year 2021
96 141 SNPS Nov 11, 2020, 16:00 ET Synopsys Announces Earnings Release Date for Fourth Quarter and Fiscal Year 2020
97 141 SNPS Oct 29, 2024, 16:05 ET Synopsys Announces Earnings Release Date For Fourth Quarter and Fiscal Year 2024
98 141 SNPS Oct 30, 2023, 16:01 ET Synopsys Announces Earnings Release Date For Fourth Quarter and Fiscal Year 2023
99 141 SNPS Oct 30, 2025, 16:05 ET Synopsys Announces Earnings Release Date for Fourth Quarter and Fiscal Year 2025
100 141 VEEV Aug 03, 2022, 16:05 ET Veeva to Release Fiscal 2023 Second Quarter Results on August 31, 2022
101 141 VEEV Aug 04, 2021, 16:40 ET Veeva to Release Fiscal 2022 Second Quarter Results on September 1, 2021
102 141 VEEV Aug 05, 2026, 16:05 ET Veeva to Release Fiscal 2027 Second Quarter Results on August 26, 2026
103 141 VEEV Aug 06, 2025, 16:05 ET Veeva to Release Fiscal 2026 Second Quarter Results on August 27, 2025
104 141 VEEV Aug 07, 2024, 16:15 ET Veeva to Release Fiscal 2025 Second Quarter Results on August 28, 2024
105 141 VEEV Aug 08, 2023, 16:00 ET Veeva to Release Fiscal 2024 Second Quarter Results on August 30, 2023
106 141 VEEV Feb 01, 2022, 16:05 ET Veeva to Release Fiscal 2022 Fourth Quarter and Full Year Results on March 2, 2022
107 141 VEEV Feb 06, 2024, 16:05 ET Veeva to Release Fiscal 2024 Fourth Quarter and Full Year Results on February 29, 2024
108 141 VEEV Feb 11, 2026, 16:05 ET Veeva to Release Fiscal 2026 Fourth Quarter and Full Year Results on March 4, 2026
109 141 VEEV Feb 12, 2025, 16:05 ET Veeva to Release Fiscal 2025 Fourth Quarter and Full Year Results on March 5, 2025
110 141 VEEV Jan 31, 2023, 16:00 ET Veeva to Release Fiscal 2023 Fourth Quarter and Full Year Results on March 1, 2023
111 141 VEEV May 03, 2023, 18:06 ET Veeva to Release Fiscal 2024 First Quarter Results on May 31, 2023
112 141 VEEV May 04, 2022, 16:05 ET Veeva to Release Fiscal 2023 First Quarter Results on June 1, 2022
113 141 VEEV May 05, 2021, 17:29 ET Veeva to Release Fiscal 2022 First Quarter Results on May 27, 2021
114 141 VEEV May 07, 2025, 16:05 ET Veeva to Release Fiscal 2026 First Quarter Results on May 28, 2025
115 141 VEEV May 08, 2024, 16:15 ET Veeva to Release Fiscal 2025 First Quarter Results on May 30, 2024
116 141 VEEV May 13, 2026, 16:05 ET Veeva to Release Fiscal 2027 First Quarter Results on June 3, 2026
117 141 VEEV Nov 02, 2021, 19:08 ET Veeva to Release Fiscal 2022 Third Quarter Results on December 1, 2021
118 141 VEEV Nov 09, 2022, 16:00 ET Veeva to Release Fiscal 2023 Third Quarter Results on December 1, 2022
119 141 VEEV Nov 14, 2024, 16:14 ET Veeva to Release Fiscal 2025 Third Quarter Results on December 5, 2024
120 141 VEEV Nov 15, 2023, 16:05 ET Veeva to Release Fiscal 2024 Third Quarter Results on December 6, 2023
121 141 VEEV Oct 30, 2025, 16:05 ET Veeva to Release Fiscal 2026 Third Quarter Results on November 20, 2025
122 141 WDAY Aug 02, 2024, 08:30 ET Workday Announces Date of Fiscal 2025 Second Quarter Financial Results
123 141 WDAY Aug 03, 2022, 08:30 ET Workday Announces Date of Fiscal 2023 Second Quarter Financial Results
124 141 WDAY Aug 03, 2023, 08:31 ET Workday Announces Date of Fiscal 2024 Second Quarter Financial Results
125 141 WDAY Aug 03, 2026, 08:30 ET Workday to Announce Fiscal 2027 Second Quarter Financial Results on August 27, 2026
126 141 WDAY Aug 04, 2025, 08:30 ET Workday to Announce Fiscal 2026 Second Quarter Financial Results on August 21, 2025
127 141 WDAY Feb 03, 2026, 08:30 ET Workday Announces Date of Fiscal 2026 Fourth Quarter and Full Year Financial Results on February 24th, 2026
128 141 WDAY Feb 04, 2025, 08:30 ET Workday Announces Date of Fiscal 2025 Fourth Quarter and Full Year Financial Results
129 141 WDAY Feb 08, 2022, 08:30 ET Workday Announces Date of Fiscal 2022 Fourth Quarter and Full Year Financial Results
130 141 WDAY Feb 08, 2023, 08:30 ET Workday Announces Date of Fiscal 2023 Fourth Quarter and Full Year Financial Results
131 141 WDAY Feb 08, 2024, 08:30 ET Workday Announces Date of Fiscal 2024 Fourth Quarter and Full Year Financial Results
132 141 WDAY May 01, 2025, 08:30 ET Workday Announces Date of Fiscal 2026 First Quarter Financial Results
133 141 WDAY May 01, 2026, 08:30 ET Workday to Announce Fiscal 2027 First Quarter Financial Results on May 21, 2026
134 141 WDAY May 02, 2024, 08:30 ET Workday Announces Date of Fiscal 2025 First Quarter Financial Results
135 141 WDAY May 04, 2023, 08:30 ET Workday Announces Date of Fiscal 2024 First Quarter Financial Results
136 141 WDAY May 05, 2022, 08:30 ET Workday Announces Date of Fiscal 2023 First Quarter Financial Results
137 141 WDAY Nov 02, 2023, 08:30 ET Workday Announces Date of Fiscal 2024 Third Quarter Financial Results
138 141 WDAY Nov 03, 2022, 08:30 ET Workday Announces Date of Fiscal 2023 Third Quarter Financial Results
139 141 WDAY Nov 04, 2024, 09:00 ET Workday Announces Date of Fiscal 2025 Third Quarter Financial Results
140 141 WDAY Nov 04, 2025, 08:30 ET Workday to Announce Fiscal 2026 Third Quarter Financial Results on November 25, 2025
