GOOGL 3462
MSFT 3462
AAPL 3462
AMZN 3462
META 3462
NVDA 3462
AMD 3462
INTC 3462
ORCL 3462
CRM 3462
ADBE 3462
INTU 3462
NOW 3462
VEEV 0 HTTPSConnectionPool(host='query1.finance.yahoo.com', port=443): Max retries exceeded with url: /v8/finance/chart/VEEV?period1=1356998400&period2=1791417600&interval=1d&events=div%2
VEEV 3263
GWRE 3462
TYL 3462
ADSK 3462
ANSS 0 404 Client Error: Not Found for url: https://query1.finance.yahoo.com/v8/finance/chart/ANSS?period1=1356998400&period2=1791417600&interval=1d&events=div%2Csplits
ANSS Public chart unavailable; not replaced with synthetic history.
CDNS 3462
SNPS 3462
PAYC 3139
PCTY 3158
WDAY 3462
TEAM 2722
DDOG 1772
ZS 2152
CRWD 1841
NET 1776
MDB 2253
HUBS 3016
SPY 3462
QQQ 3462
IWM 3462
EFA 3462
EEM 3462
TLT 3462
IEF 3462
GLD 3462
SLV 3462
USO 3462
XLE 3462
XLF 3462
XLK 3462
XLV 3462
XLU 3462
XLP 3462
XLI 3462
