catalogue 1 10 2025-08-21T16:00:00
catalogue 2 20 2024-07-30T16:00:00
catalogue 3 30 2023-05-23T16:00:00
catalogue 4 40 2022-04-28T16:00:00
catalogue 5 50 2021-04-29T16:00:00
catalogue 6 60 2020-05-07T16:00:00
catalogue 7 70 2019-02-21T16:00:00
catalogue 8 80 2018-02-22T16:00:00
download 1 33 Updating Fiscal Third Quarter Guidance for Impact of COVID-19
download 2 33 Intuit First Quarter Revenue Grew 14 Percent; Company Provides Guidance for Fiscal 2021
download 3 33 Intuit Updates Full Fiscal Year and Second Quarter Outlook Reflecting the Close of the Credit Karma Acquisition
download 4 33 Intuit Adjusts Second Quarter Outlook Reflecting the Impact of a Late Opening to the Tax Season; Reiterates Full-Year Guidance
download 5 33 Intuit Reports Second Quarter Results and Reiterates Full Year Guidance; Small Business Online Ecosystem Revenue Grew 22 Percent
download 6 33 Intuit Expects to Exceed Full Fiscal Year 2021 Guidance; Adjusts Third Quarter Expectations Reflecting Significant Revenue Shift Due to the IRS Filing Deadline Extension
download 7 33 Intuit Reports Third Quarter Results and Raises Full Year Guidance; Grows Small Business Online Ecosystem Revenue 28 Percent in Third Quarter
download 8 33 Intuit Reports Strong Full Year Results and Sets Fiscal 2022 Guidance
download 9 33 Intuit Reports Strong First Quarter Results and Raises Full Year Revenue Guidance Reflecting Early Momentum in the Year and the Acquisition of Mailchimp
download 10 33 Intuit Reiterates Full Fiscal Year 2022 Revenue Guidance Based on Strong Momentum; Expects Second Quarter Revenue to Reflect Slower Forming Tax Season
download 11 33 Intuit Reports Second Quarter Results and Reiterates Full Year Guidance; Organic Online Ecosystem Revenue Grew 37 Percent
download 12 33 Intuit Reports Third Quarter Results and Raises Full Year Revenue and Operating Income Guidance
download 13 33 Intuit Reports Strong Full Year Results and Sets Fiscal 2023 Guidance
download 14 33 Intuit Reiterates Operating Income and Earnings per Share Guidance for Fiscal Year 2023; Expects to Report First-Quarter Results Above Guidance
download 15 33 Intuit Reports Strong First Quarter Results and Reiterates Full Year Operating Income and Earnings Per Share Guidance
download 16 33 Intuit Reports Strong Second Quarter Results and Reiterates Full Year Guidance
download 17 33 Intuit Reports Third Quarter Results and Raises Total Company Full Year Guidance
download 18 33 Intuit Reports Strong Fourth Quarter and Full Year Results; Sets Fiscal 2024 Guidance
download 19 33 Intuit Hosts Investor Day, Reaffirms First-quarter and Fiscal 2024 Guidance
download 20 33 Intuit Reports Strong First Quarter Results and Reiterates Full Year Guidance
download 21 33 Intuit Reports Strong Second Quarter Results and Reiterates Full Year Guidance
download 22 33 Intuit Reports Strong Third Quarter Results and Raises Full Year Guidance
download 23 33 Intuit Reports Strong Fourth Quarter and Full Year Results; Sets Fiscal 2025 Guidance With Double Digit Revenue and Earnings Growth
download 24 33 Intuit Hosts Investor Day, Reaffirms First-Quarter and Fiscal 2025 Guidance
download 25 33 Intuit Reports Strong First Quarter Results and Reiterates Full Year Guidance
download 26 33 Intuit Reports Strong Second Quarter Results and Reiterates Full Year Guidance
download 27 33 Intuit Reports Strong Third-Quarter Results and Raises Full-Year Guidance
download 28 33 Intuit Reports Strong Fourth Quarter and Full Year Fiscal 2025 Results; Sets Fiscal 2026 Guidance With Double Digit Revenue Growth and Continued Operating Margin Expansion
download 29 33 Intuit Hosts Investor Day, Reaffirms First-Quarter and Fiscal 2026 Guidance
download 30 33 Intuit Reports Strong First-Quarter Results and Reiterates Full-Year Guidance
download 31 33 Intuit Reports Strong Second-Quarter Results and Reiterates Full-Year Guidance
download 32 33 Intuit Reports Strong Third-Quarter Results and Raises Full-Year Revenue Guidance
download 33 33 Intuit Reports Fourth Quarter and Full Year Fiscal 2026 Results; Sets Fiscal 2027 Guidance
