CRM 1 items 14 financial 14
CRM 2 items 14 financial 14
CRM 3 items 14 financial 14
CRM 4 items 14 financial 14
CRM 5 items 14 financial 14
CRM 6 items 14 financial 14
CRM 7 items 14 financial 14
CRM 8 items 14 financial 14
CRM 9 items 14 financial 14
CRM 10 items 14 financial 14
CRM 11 items 14 financial 14
CRM Fetch failed: {'url': 'https://www.salesforce.com/news/topics/earnings/page/12/?bc=HL#section-title', 'status': 404, 'exit_code': 0, 'error': '', 'sha256': 'e3b0c44298fc1c149afbf4c8996fb92427ae41e4649b934ca495991b7852b855', 'retrieved_utc': '2026-10-09T03:23:33Z', 'attempts': [{'url': 'https://www.salesforce.com/news/topics/earnings/page/12/?bc=HL#section-title', 'status': 404, 'exit_code': 0, 'error': '', 'sha256': 'e3b0c44298fc1c149afbf4c8996fb92427ae41e4649b934ca495991b7852b855', 'retrieved_utc': '2026-10-09T03:23:33Z'}]}
CRM 1 items 14 financial 14
CRM 2 items 14 financial 14
CRM download 2023/03/01 Salesforce Announces Strong Fourth Quarter and Full Fiscal 2023 Results
CRM download 2023/05/31 Salesforce Announces Strong First Quarter Fiscal 2024 Results
CRM download 2023/08/30 Salesforce Announces Strong Second Quarter Fiscal 2024 Results
CRM download 2023/11/29 Salesforce Announces Strong Third Quarter Fiscal 2024 Results
CRM download 2024/02/28 Salesforce Announces Strong Fourth Quarter Fiscal 2024 Results
CRM download 2024/05/29 Salesforce Announces First Quarter Fiscal 2025 Results
CRM download 2024/08/28 Salesforce Announces Second Quarter Fiscal 2025 Results
CRM download 2025/02/26 Salesforce Announces Fourth Quarter and Fiscal Year 2025 Results
CRM download 2025/05/28 Salesforce Reports Record First Quarter Fiscal 2026 Results Exceeds Guidance Across All Metrics; cRPO up 12% Y/Y
CRM download 2025/09/03 Salesforce Reports Record Second Quarter Fiscal 2026 Results
CRM download 2025/12/03 Salesforce Delivers Record Third Quarter Fiscal 2026 Results Driven by Agentforce & Data 360
CRM download 2026/02/25 Salesforce Delivers Record Fourth Quarter Fiscal 2026 Results
CRM download 2026/05/27 Salesforce Delivers Record First Quarter Fiscal 2027 Results
CRM download 2026/08/26 Salesforce Delivers Record Second Quarter Fiscal 2027 Results
