SNPS 0 1 100 Feb 21, 2024, 11:30 ET releases 11
SNPS 0 2 100 May 23, 2022, 09:05 ET releases 17
SNPS 0 3 100 Mar 25, 2021, 09:05 ET releases 22
SNPS 0 4 100 May 21, 2020, 09:05 ET releases 25
SNPS 0 5 100 Jul 15, 2019, 09:05 ET releases 27
SNPS 0 6 100 Sep 26, 2018, 09:05 ET releases 27
SNPS download Aug 26, 2026, 16:05 ET Synopsys Posts Financial Results for Third Quarter Fiscal Year 2026
SNPS download May 27, 2026, 16:05 ET Synopsys Posts Financial Results for Second Quarter Fiscal Year 2026
SNPS download Feb 25, 2026, 16:05 ET Synopsys Posts Financial Results for First Quarter Fiscal Year 2026
SNPS download Dec 10, 2025, 16:05 ET Synopsys Posts Financial Results for Fourth Quarter and Fiscal Year 2025
SNPS download Sep 09, 2025, 16:05 ET Synopsys Posts Financial Results for Third Quarter Fiscal Year 2025
SNPS download May 28, 2025, 16:05 ET Synopsys Posts Financial Results for Second Quarter Fiscal Year 2025
SNPS download Feb 26, 2025, 16:05 ET Synopsys Posts Financial Results for First Quarter Fiscal Year 2025
SNPS download Dec 04, 2024, 16:05 ET Synopsys Posts Financial Results for Fourth Quarter and Fiscal Year 2024
SNPS download Aug 21, 2024, 16:05 ET Synopsys Posts Financial Results for Third Quarter Fiscal Year 2024
SNPS download May 22, 2024, 16:05 ET Synopsys Posts Financial Results for Second Quarter Fiscal Year 2024
SNPS download Feb 21, 2024, 16:05 ET Synopsys Posts Financial Results for First Quarter Fiscal Year 2024
SNPS download Nov 29, 2023, 16:05 ET Synopsys Posts Financial Results for Fourth Quarter and Fiscal Year 2023
SNPS download Aug 16, 2023, 16:05 ET Synopsys Posts Financial Results for Third Quarter Fiscal Year 2023
SNPS download May 17, 2023, 16:05 ET Synopsys Posts Financial Results for Second Quarter Fiscal Year 2023
SNPS download Feb 15, 2023, 16:05 ET Synopsys Posts Financial Results for First Quarter Fiscal Year 2023
SNPS download Nov 30, 2022, 16:05 ET Synopsys Posts Financial Results for Fourth Quarter and Fiscal Year 2022
SNPS download Aug 17, 2022, 16:05 ET Synopsys Posts Financial Results for Third Quarter Fiscal Year 2022
SNPS download May 18, 2022, 16:05 ET Synopsys Posts Financial Results for Second Quarter Fiscal Year 2022
SNPS download Feb 16, 2022, 16:05 ET Synopsys Posts Financial Results for First Quarter Fiscal Year 2022
SNPS download Dec 01, 2021, 16:05 ET Synopsys Posts Financial Results for Fourth Quarter and Fiscal Year 2021
SNPS download Aug 18, 2021, 16:05 ET Synopsys Posts Financial Results for Third Quarter Fiscal Year 2021
SNPS download May 19, 2021, 16:05 ET Synopsys Posts Financial Results for Second Quarter Fiscal Year 2021
SNPS download Feb 17, 2021, 16:05 ET Synopsys Posts Financial Results for First Quarter Fiscal Year 2021
SNPS download Dec 02, 2020, 16:05 ET Synopsys Posts Financial Results for Fourth Quarter and Fiscal Year 2020
SNPS download Aug 19, 2020, 16:03 ET Synopsys Posts Financial Results for Third Quarter Fiscal Year 2020
SNPS download May 20, 2020, 16:05 ET Synopsys Posts Financial Results for Second Quarter Fiscal Year 2020
SNPS download Feb 19, 2020, 16:05 ET Synopsys Posts Financial Results for First Quarter Fiscal Year 2020
DDOG_PRN 0 1 100 Jun 02, 2022, 16:05 ET releases 10
DDOG_PRN 0 2 50 Feb 09, 2021, 16:05 ET releases 13
DDOG_PRN download Nov 07, 2024, 07:00 ET Datadog Announces Third Quarter 2024 Financial Results
DDOG_PRN download Aug 08, 2024, 07:00 ET Datadog Announces Second Quarter 2024 Financial Results
DDOG_PRN download May 07, 2024, 07:00 ET Datadog Announces First Quarter 2024 Financial Results
DDOG_PRN download Feb 13, 2024, 07:00 ET Datadog Announces Fourth Quarter and Fiscal Year 2023 Financial Results
DDOG_PRN download Nov 07, 2023, 07:00 ET Datadog Announces Third Quarter 2023 Financial Results
DDOG_PRN download Aug 08, 2023, 07:00 ET Datadog Announces Second Quarter 2023 Financial Results
DDOG_PRN download May 04, 2023, 07:00 ET Datadog Announces First Quarter 2023 Financial Results
DDOG_PRN download Feb 16, 2023, 07:00 ET Datadog Announces Fourth Quarter and Fiscal Year 2022 Financial Results
DDOG_PRN download Nov 03, 2022, 07:00 ET Datadog Announces Third Quarter 2022 Financial Results
DDOG_PRN download Aug 04, 2022, 07:00 ET Datadog Announces Second Quarter 2022 Financial Results
DDOG_PRN download May 05, 2022, 07:00 ET Datadog Announces First Quarter 2022 Financial Results
DDOG_PRN download Feb 10, 2022, 07:00 ET Datadog Announces Fourth Quarter and Fiscal Year 2021 Financial Results
DDOG_PRN download Nov 04, 2021, 16:05 ET Datadog Announces Third Quarter 2021 Financial Results
