catalogue 1 10 2025-08-21T16:00:00
catalogue 2 20 2024-07-30T16:00:00
catalogue 3 30 2023-05-23T16:00:00
catalogue 4 40 2022-04-28T16:00:00
catalogue 5 50 2021-04-29T16:00:00
catalogue 6 60 2020-05-07T16:00:00
catalogue 7 70 2019-02-21T16:00:00
catalogue 8 80 2018-02-22T16:00:00
download 1 36 Intuit Second Quarter Revenue Increased 13 Percent; Small Business Online Ecosystem Revenue Grew 35 Percent
download 2 36 Updating Fiscal Third Quarter Guidance for Impact of COVID-19
download 3 36 Intuit Third Quarter Revenue Declined 8 Percent; Small Business Online Ecosystem Revenue Grew 28 Percent
download 4 36 Intuit Full Year Revenue Up 13 Percent
download 5 36 Intuit First Quarter Revenue Grew 14 Percent; Company Provides Guidance for Fiscal 2021
download 6 36 Intuit Updates Full Fiscal Year and Second Quarter Outlook Reflecting the Close of the Credit Karma Acquisition
download 7 36 Intuit Adjusts Second Quarter Outlook Reflecting the Impact of a Late Opening to the Tax Season; Reiterates Full-Year Guidance
download 8 36 Intuit Reports Second Quarter Results and Reiterates Full Year Guidance; Small Business Online Ecosystem Revenue Grew 22 Percent
download 9 36 Intuit Expects to Exceed Full Fiscal Year 2021 Guidance; Adjusts Third Quarter Expectations Reflecting Significant Revenue Shift Due to the IRS Filing Deadline Extension
download 10 36 Intuit Reports Third Quarter Results and Raises Full Year Guidance; Grows Small Business Online Ecosystem Revenue 28 Percent in Third Quarter
download 11 36 Intuit Reports Strong Full Year Results and Sets Fiscal 2022 Guidance
download 12 36 Intuit Reports Strong First Quarter Results and Raises Full Year Revenue Guidance Reflecting Early Momentum in the Year and the Acquisition of Mailchimp
download 13 36 Intuit Reiterates Full Fiscal Year 2022 Revenue Guidance Based on Strong Momentum; Expects Second Quarter Revenue to Reflect Slower Forming Tax Season
download 14 36 Intuit Reports Second Quarter Results and Reiterates Full Year Guidance; Organic Online Ecosystem Revenue Grew 37 Percent
download 15 36 Intuit Reports Third Quarter Results and Raises Full Year Revenue and Operating Income Guidance
download 16 36 Intuit Reports Strong Full Year Results and Sets Fiscal 2023 Guidance
download 17 36 Intuit Reiterates Operating Income and Earnings per Share Guidance for Fiscal Year 2023; Expects to Report First-Quarter Results Above Guidance
download 18 36 Intuit Reports Strong First Quarter Results and Reiterates Full Year Operating Income and Earnings Per Share Guidance
download 19 36 Intuit Reports Strong Second Quarter Results and Reiterates Full Year Guidance
download 20 36 Intuit Reports Third Quarter Results and Raises Total Company Full Year Guidance
download 21 36 Intuit Reports Strong Fourth Quarter and Full Year Results; Sets Fiscal 2024 Guidance
download 22 36 Intuit Hosts Investor Day, Reaffirms First-quarter and Fiscal 2024 Guidance
download 23 36 Intuit Reports Strong First Quarter Results and Reiterates Full Year Guidance
download 24 36 Intuit Reports Strong Second Quarter Results and Reiterates Full Year Guidance
download 25 36 Intuit Reports Strong Third Quarter Results and Raises Full Year Guidance
download 26 36 Intuit Reports Strong Fourth Quarter and Full Year Results; Sets Fiscal 2025 Guidance With Double Digit Revenue and Earnings Growth
download 27 36 Intuit Hosts Investor Day, Reaffirms First-Quarter and Fiscal 2025 Guidance
download 28 36 Intuit Reports Strong First Quarter Results and Reiterates Full Year Guidance
download 29 36 Intuit Reports Strong Second Quarter Results and Reiterates Full Year Guidance
download 30 36 Intuit Reports Strong Third-Quarter Results and Raises Full-Year Guidance
download 31 36 Intuit Reports Strong Fourth Quarter and Full Year Fiscal 2025 Results; Sets Fiscal 2026 Guidance With Double Digit Revenue Growth and Continued Operating Margin Expansion
download 32 36 Intuit Hosts Investor Day, Reaffirms First-Quarter and Fiscal 2026 Guidance
download 33 36 Intuit Reports Strong First-Quarter Results and Reiterates Full-Year Guidance
download 34 36 Intuit Reports Strong Second-Quarter Results and Reiterates Full-Year Guidance
download 35 36 Intuit Reports Strong Third-Quarter Results and Raises Full-Year Revenue Guidance
download 36 36 Intuit Reports Fourth Quarter and Full Year Fiscal 2026 Results; Sets Fiscal 2027 Guidance
