page 1 items 10 2026-07-22T08:30:00
page 2 items 20 2026-02-24T16:00:00
page 3 items 30 2026-01-28T08:30:00
page 4 items 40 2025-11-20T16:00:00
page 5 items 50 2025-10-28T08:25:00
page 6 items 60 2025-08-21T16:00:00
page 7 items 70 2025-06-03T16:01:00
page 8 items 80 2025-04-09T08:14:00
page 9 items 90 2025-01-16T16:00:00
page 10 items 100 2024-11-26T16:01:00
page 11 items 110 2024-09-26T09:05:00
page 12 items 120 2024-07-30T16:00:00
page 13 items 130 2024-05-23T16:00:00
page 14 items 140 2024-02-21T13:00:00
page 15 items 150 2023-11-28T16:00:00
page 16 items 160 2023-10-26T16:00:00
page 17 items 170 2023-09-13T08:30:00
page 18 items 180 2023-08-21T09:00:00
page 19 items 190 2023-06-15T04:00:00
page 20 items 200 2023-04-27T16:00:00
page 21 items 210 2023-02-23T16:01:00
page 22 items 220 2023-01-17T08:30:00
page 23 items 230 2022-11-22T09:00:00
page 24 items 240 2022-09-29T09:00:00
page 25 items 250 2022-06-29T09:00:00
page 26 items 260 2022-03-16T16:00:00
page 27 items 270 2022-01-19T10:19:00
page 28 items 280 2021-11-23T16:00:00
page 29 items 290 2021-10-21T08:30:00
page 30 items 300 2021-08-18T08:30:00
page 31 items 310 2021-04-29T16:00:00
page 32 items 320 2021-02-23T16:00:00
page 33 items 330 2021-01-06T09:00:00
page 34 items 340 2020-11-24T16:01:00
page 35 items 350 2020-09-23T09:09:00
page 36 items 360 2020-05-21T16:00:00
page 37 items 370 2020-02-24T16:01:00
page 38 items 380 2019-12-05T08:00:00
page 39 items 390 2019-10-10T08:30:00
{
  "catalogued": 390,
  "selected": 62,
  "downloaded": 62,
  "archive_termination": "before_2020",
  "errors": [],
  "market_performance_read": false,
  "title_scan_not_full_content_audit": true
}
