2021-05-27 January 31, 2022 [1815.0, 1825.0] [3.49, 3.49] None remaining None
2021-09-01 January 31, 2022 [1830.0, 1835.0] [3.57, 3.57] 0.006868131868131844 remaining 7.899999999999977
2021-12-01 January 31, 2022 [1843.0, 1845.0] [3.69, 3.69] 0.0062755798090041726 remaining 0.39999999999997726
2021-12-01 January 31, 2023 [2150.0, 2170.0] None None remaining None
2022-03-02 January 31, 2023 [2160.0, 2170.0] [4.02, 4.02] 0.0023148148148148806 remaining None
2022-06-01 January 31, 2023 [2165.0, 2175.0] [4.16, 4.16] 0.002309468822170979 remaining -5.100000000000023
2022-08-31 January 31, 2023 [2140.0, 2145.0] [4.17, 4.17] -0.012672811059907807 remaining -31.700000000000045
2022-12-01 January 31, 2023 [2143.0, 2145.0] [4.19, 4.19] 0.0007001166861142494 remaining -4.899999999999977
2023-03-01 January 31, 2024 [2350.0, 2360.0] [4.33, 4.33] None remaining None
2023-03-01 January 31, 2025 None None None remaining None
2023-05-31 January 31, 2024 [2360.0, 2370.0] [4.59, 4.59] 0.00424628450106157 remaining -1.2999999999999545
2023-08-30 January 31, 2024 [2365.0, 2370.0] [4.68, 4.68] 0.0010570824524311906 remaining -6.7000000000000455
2023-12-06 January 31, 2024 [2353.0, 2355.0] [4.76, 4.76] -0.0057022175290391 remaining -15.0
2024-02-29 January 31, 2025 [2725.0, 2740.0] [6.16, 6.16] None remaining None
2024-05-30 January 31, 2025 [2700.0, 2710.0] [6.16, 6.16] -0.010064043915828047 remaining -36.299999999999955
2024-08-28 January 31, 2025 [2704.0, 2710.0] [6.22, 6.22] 0.0007393715341958984 remaining -6.7000000000000455
2024-12-05 January 31, 2025 [2722.0, 2725.0] [6.44, 6.44] 0.00609530845954942 remaining 0.7999999999999545
2025-03-05 January 31, 2026 [3040.0, 3055.0] [7.32, 7.32] None remaining None
2025-05-28 January 31, 2026 [3090.0, 3100.0] [7.63, 7.63] 0.015586546349466879 remaining 16.0
2025-08-27 January 31, 2026 [3134.0, 3140.0] [7.78, 7.78] 0.013570274636510504 remaining 20.399999999999977
2025-11-20 January 31, 2026 [3166.0, 3169.0] [7.93, 7.93] 0.009722664966528516 remaining 10.799999999999955
2026-03-04 January 31, 2027 [3585.0, 3600.0] [8.85, 8.85] None remaining None
2026-06-03 January 31, 2027 [3635.0, 3645.0] [9.05, 9.05] 0.013221990257480831 remaining 21.100000000000023
2026-08-26 January 31, 2027 [3682.0, 3687.0] [9.21, 9.21] 0.012225274725274682 remaining 20.0
releases 22 annual blocks 24 missing 0
