1 27 original_facts_236.pdf
2 27 original_facts_226.pdf
3 27 original_facts_221.pdf
4 27 original_facts_209.pdf
5 27 original_facts_186.pdf
6 27 original_facts_173.pdf
7 27 original_facts_165.pdf
8 27 original_facts_148.pdf
9 27 original_facts_128.pdf
10 27 original_facts_119.pdf
11 27 original_facts_113.pdf
12 27 original_facts_94.pdf
13 27 original_facts_79.pdf
14 27 original_facts_64.pdf
15 27 original_facts_47.pdf
16 27 original_facts_20.pdf
17 27 original_facts_11.pdf
18 27 original_facts_1188.pdf
19 27 original_facts_1202.pdf
20 27 original_facts_1223.pdf
21 27 original_facts_1239.pdf
22 27 original_facts_1251.pdf
23 27 original_facts_1266.pdf
24 27 original_facts_1286.pdf
25 27 original_facts_1307.pdf
26 27 original_facts_1312.pdf
27 27 original_facts_1320.pdf
{
  "expected": 27,
  "downloaded": 27,
  "errors": [],
  "complete_download": true,
  "market_performance_read": false
}
