SPY_pre1_g1_fee5 -0.016492140175187072 -0.8659397028504481 45
SPY_pre1_g1_fee15 -0.03204358910172382 -1.5003249330792614 45
SPY_pre1_g2.7_fee5 -0.04798584719502972 -0.9320064975486289 45
SPY_pre1_g2.7_fee15 -0.08999041745491393 -1.5577005007898017 45
SPY_event2_g1_fee5 -0.016412881284983007 -0.40285157304042557 45
SPY_event2_g1_fee15 -0.031988704729279636 -0.7751865171454547 45
SPY_event2_g2.7_fee5 -0.05084732759910654 -0.4607934462225673 45
SPY_event2_g2.7_fee15 -0.09304432754643914 -0.8306868365797914 45
GLD_pre1_g1_fee5 -0.005802534697171181 -0.3571262217191899 45
GLD_pre1_g1_fee15 -0.021375341492813484 -1.2023126445357386 45
GLD_pre1_g2.7_fee5 -0.019118683320902566 -0.4354975150129262 45
GLD_pre1_g2.7_fee15 -0.061180866413813664 -1.2722456168564356 45
GLD_event2_g1_fee5 -0.00019860637328425538 -0.005072228134142576 45
GLD_event2_g1_fee15 -0.015790630835132248 -0.4016796743102599 45
GLD_event2_g2.7_fee5 -0.006771664218089519 -0.06435294202639608 45
GLD_event2_g2.7_fee15 -0.04893524200445899 -0.46213173577221445 45
TLT_pre1_g1_fee5 -0.008742063658159115 -0.4685841740163077 45
TLT_pre1_g1_fee15 -0.02430899726466336 -1.1986600691719096 45
TLT_pre1_g2.7_fee5 -0.027060650591451102 -0.5368104643502456 45
TLT_pre1_g2.7_fee15 -0.0691070292431031 -1.2601084473909374 45
TLT_event2_g1_fee5 0.008808101255773181 0.2768306712396877 45
TLT_event2_g1_fee15 -0.006790624565660988 -0.21384212537241343 45
TLT_event2_g2.7_fee5 0.018306018388365708 0.21284456255581702 45
TLT_event2_g2.7_fee15 -0.02383284403209612 -0.277120697033794 45
mix_pre1_g1_fee5 -0.010345579510172226 -0.8409494475274945 135
mix_pre1_g1_fee15 -0.025909309286400173 -1.7404193448054117 135
mix_pre1_g2.7_fee5 -0.031387901505044544 -0.94308252179912 135
mix_pre1_g2.7_fee15 -0.07342560559919187 -1.8211515012357664 135
mix_event2_g1_fee5 -0.0025243154619468662 -0.09063998367069633 135
mix_event2_g1_fee15 -0.018113250878597786 -0.6428987058866101 135
mix_event2_g2.7_fee5 -0.012560209721763936 -0.16684497561170744 135
mix_event2_g2.7_fee15 -0.054723248591792374 -0.7166974478109361 135
