1 47 20201216
2 47 20210127
3 47 20210317
4 47 20210428
5 47 20210616
6 47 20210728
7 47 20210922
8 47 20211103
9 47 20211215
10 47 20220126
11 47 20220316
12 47 20220504
13 47 20220615
14 47 20220727
15 47 20220921
16 47 20221102
17 47 20221214
18 47 20230201
19 47 20230322
20 47 20230503
21 47 20230614
22 47 20230726
23 47 20230920
24 47 20231101
25 47 20231213
26 47 20240131
27 47 20240320
28 47 20240501
29 47 20240612
30 47 20240731
31 47 20240918
32 47 20241107
33 47 20241218
34 47 20250129
35 47 20250319
36 47 20250507
37 47 20250618
38 47 20250730
39 47 20250917
40 47 20251029
41 47 20251210
42 47 20260128
43 47 20260318
44 47 20260429
45 47 20260617
46 47 20260729
47 47 20260916
