Running options_screen.py
fomc_long_BTC_h1_p0_fee5 {'status': 'complete_proxy', 'invalid': [], 'events': 27, 'events_filled': 13, 'imbalanced_events': 13, 'capital_final': 97065.47479239412, 'cash_pnl': -2934.525207605881, 'max_event_premium_fraction': 0.011396763530629624, 'total_fills': 22, 'statuses': {'imbalanced': 13, 'no_fill': 13, 'no_pair_in_prior_hour': 1}, 'metrics': {'full': {'annual_arithmetic': -0.008852593468954765, 'annual_geometric': -0.008835284076746275, 'volatility': 0.006602603908578622, 'sharpe': -1.3407730634049968, 'max_drawdown': -0.03122179588833851, 'total_return': -0.02934525207605898}, '2023-24': {'annual_arithmetic': -0.012885839207500232, 'annual_geometric': -0.012835961173850219, 'volatility': 0.008117048107037301, 'sharpe': -1.5875031215262227, 'max_drawdown': -0.022179007980305587, 'total_return': -0.020284948097141542}, '2025-26': {'annual_arithmetic': -0.005237656498958129, 'annual_geometric': -0.005235761461708788, 'volatility': 0.00485897345310694, 'sharpe': -1.077934783860375, 'max_drawdown': -0.009247897091424817, 'total_return': -0.009247897091424817}}}
fomc_long_BTC_h1_p1_fee5 {'status': 'complete_proxy', 'invalid': [], 'events': 27, 'events_filled': 3, 'imbalanced_events': 3, 'capital_final': 100411.3459123842, 'cash_pnl': 411.3459123842003, 'max_event_premium_fraction': 0.0016929009234794385, 'total_fills': 5, 'statuses': {'imbalanced': 3, 'no_fill': 24}, 'metrics': {'full': {'annual_arithmetic': 0.0012251179463681292, 'annual_geometric': 0.0012238773255175417, 'volatility': 0.001995783952339474, 'sharpe': 0.6138529899150839, 'max_drawdown': -0.0008971522516336705, 'total_return': 0.004113459123842089}, '2023-24': {'annual_arithmetic': 0.0031575648638122425, 'annual_geometric': 0.003158588523859418, 'volatility': 0.0028121152700892227, 'sharpe': 1.1228433263022177, 'max_drawdown': 0.0, 'total_return': 0.005015110693326497}, '2025-26': {'annual_arithmetic': -0.0005069049099788394, 'annual_geometric': -0.0005070038615940797, 'volatility': 0.0006743670227344565, 'sharpe': -0.7516751159085694, 'max_drawdown': -0.0008971522516337815, 'total_return': -0.0008971522516337815}}}
fomc_long_BTC_h1_p2_fee5 {'status': 'complete_proxy', 'invalid': [], 'events': 27, 'events_filled': 2, 'imbalanced_events': 2, 'capital_final': 100583.0584591621, 'cash_pnl': 583.0584591621014, 'max_event_premium_fraction': 0.004771658250780422, 'total_fills': 3, 'statuses': {'imbalanced': 2, 'no_fill': 23, 'no_pair_in_prior_hour': 2}, 'metrics': {'full': {'annual_arithmetic': 0.001738186234336966, 'annual_geometric': 0.0017337323372885738, 'volatility': 0.0034585337412453587, 'sharpe': 0.5025789436742851, 'max_drawdown': -0.00048347110274393756, 'total_return': 0.005830584591621113}, '2023-24': {'annual_arithmetic': -0.000304778847152914, 'annual_geometric': -0.0003048060839748734, 'volatility': 0.00038386425377474957, 'sharpe': -0.7939755894326054, 'max_drawdown': -0.00048347110274393756, 'total_return': -0.00048347110274393756}, '2025-26': {'annual_arithmetic': 0.0035692648445268117, 'annual_geometric': 0.0035643757123873243, 'volatility': 0.004748414266996916, 'sharpe': 0.7516751159085694, 'max_drawdown': 0.0, 'total_return': 0.006317109834422796}}}
fomc_long_BTC_h2_p0_fee5 {'status': 'incomplete_proxy', 'invalid': [('2024-11-07', 'missing_interim_mark_P')], 'events': 27, 'events_filled': 8, 'imbalanced_events': 8, 'capital_final': 99198.54120848345, 'cash_pnl': -801.4587915165237, 'max_event_premium_fraction': 0.0069446028724371, 'total_fills': 11, 'statuses': {'imbalanced': 8, 'no_fill': 19}, 'metrics': {}}
fomc_long_BTC_h2_p1_fee5 {'status': 'incomplete_proxy', 'invalid': [('2024-03-20', 'missing_interim_mark_C')], 'events': 27, 'events_filled': 7, 'imbalanced_events': 7, 'capital_final': 101089.1957852054, 'cash_pnl': 1089.1957852054043, 'max_event_premium_fraction': 0.008030348797081867, 'total_fills': 10, 'statuses': {'imbalanced': 7, 'no_fill': 20}, 'metrics': {}}
fomc_long_BTC_h2_p2_fee5 {'status': 'complete_proxy', 'invalid': [], 'events': 27, 'events_filled': 1, 'imbalanced_events': 1, 'capital_final': 99283.3673331769, 'cash_pnl': -716.6326668231002, 'max_event_premium_fraction': 0.008392467944904001, 'total_fills': 2, 'statuses': {'no_fill': 22, 'imbalanced': 1, 'no_pair_in_prior_hour': 4}, 'metrics': {'full': {'annual_arithmetic': -0.002138884360406464, 'annual_geometric': -0.0021406661253354775, 'volatility': 0.0028504271849535126, 'sharpe': -0.7503732674516107, 'max_drawdown': -0.007166326668231027, 'total_return': -0.007166326668231027}, '2023-24': {'annual_arithmetic': -0.004525273474089669, 'annual_geometric': -0.004523635099376255, 'volatility': 0.00414440675281676, 'sharpe': -1.0918989722748742, 'max_drawdown': -0.007166326668231027, 'total_return': -0.007166326668231027}, '2025-26': {'annual_arithmetic': 0.0, 'annual_geometric': 0.0, 'volatility': 0.0, 'sharpe': None, 'max_drawdown': 0.0, 'total_return': 0.0}}}
fomc_long_ETH_h1_p0_fee5 {'status': 'complete_proxy', 'invalid': [], 'events': 27, 'events_filled': 8, 'imbalanced_events': 8, 'capital_final': 98895.92554462474, 'cash_pnl': -1104.0744553752495, 'max_event_premium_fraction': 0.006657378844141566, 'total_fills': 11, 'statuses': {'no_fill': 19, 'imbalanced': 8}, 'metrics': {'full': {'annual_arithmetic': -0.0033007455760002964, 'annual_geometric': -0.0033025209816565093, 'volatility': 0.0037952290941004134, 'sharpe': -0.8697091780654878, 'max_drawdown': -0.01123139163890996, 'total_return': -0.01104074455375259}, '2023-24': {'annual_arithmetic': -0.0013416084954790566, 'annual_geometric': -0.001341251347056649, 'volatility': 0.001040457914195988, 'sharpe': -1.2894404253878757, 'max_drawdown': -0.0021267921346349583, 'total_return': -0.0021267921346349583}, '2025-26': {'annual_arithmetic': -0.005056690420616082, 'annual_geometric': -0.005057103745293334, 'volatility': 0.005132801625086488, 'sharpe': -0.9851716060682311, 'max_drawdown': -0.009124004364994831, 'total_return': -0.00893295094893487}}}
fomc_long_ETH_h1_p1_fee5 {'status': 'complete_proxy', 'invalid': [], 'events': 27, 'events_filled': 3, 'imbalanced_events': 3, 'capital_final': 100711.7346480615, 'cash_pnl': 711.7346480614991, 'max_event_premium_fraction': 0.002957676966341822, 'total_fills': 3, 'statuses': {'imbalanced': 3, 'no_fill': 22, 'no_pair_in_prior_hour': 2}, 'metrics': {'full': {'annual_arithmetic': 0.002118365754240897, 'annual_geometric': 0.002115401875440126, 'volatility': 0.0032298651790479437, 'sharpe': 0.6558681668766497, 'max_drawdown': 0.0, 'total_return': 0.007117346480614906}, '2023-24': {'annual_arithmetic': 0.0005939086870998151, 'annual_geometric': 0.0005938053292326995, 'volatility': 0.0007480188245135305, 'sharpe': 0.7939755894326055, 'max_drawdown': 0.0, 'total_return': 0.0009421181639199805}, '2025-26': {'annual_arithmetic': 0.003484713497080969, 'annual_geometric': 0.0034811520235014104, 'volatility': 0.0043913945647672354, 'sharpe': 0.7935323154606297, 'max_drawdown': 0.0, 'total_return': 0.006169415997822725}}}
fomc_long_ETH_h1_p2_fee5 {'status': 'complete_proxy', 'invalid': [], 'events': 27, 'events_filled': 0, 'imbalanced_events': 0, 'capital_final': 100000.0, 'cash_pnl': 0.0, 'max_event_premium_fraction': 0.0, 'total_fills': 0, 'statuses': {'no_fill': 24, 'no_pair_in_prior_hour': 3}, 'metrics': {'full': {'annual_arithmetic': 0.0, 'annual_geometric': 0.0, 'volatility': 0.0, 'sharpe': None, 'max_drawdown': 0.0, 'total_return': 0.0}, '2023-24': {'annual_arithmetic': 0.0, 'annual_geometric': 0.0, 'volatility': 0.0, 'sharpe': None, 'max_drawdown': 0.0, 'total_return': 0.0}, '2025-26': {'annual_arithmetic': 0.0, 'annual_geometric': 0.0, 'volatility': 0.0, 'sharpe': None, 'max_drawdown': 0.0, 'total_return': 0.0}}}
fomc_long_ETH_h2_p0_fee5 {'status': 'complete_proxy', 'invalid': [], 'events': 27, 'events_filled': 2, 'imbalanced_events': 2, 'capital_final': 99394.860957688, 'cash_pnl': -605.139042312, 'max_event_premium_fraction': 0.004501275593955626, 'total_fills': 4, 'statuses': {'no_fill': 19, 'imbalanced': 2, 'no_pair_in_prior_hour': 6}, 'metrics': {'full': {'annual_arithmetic': -0.001806707709510227, 'annual_geometric': -0.0018069105601917768, 'volatility': 0.0019139362212890099, 'sharpe': -0.9439748772262819, 'max_drawdown': -0.006051390423120195, 'total_return': -0.006051390423120195}, '2023-24': {'annual_arithmetic': -0.0009817901965026808, 'annual_geometric': -0.0009818892532760248, 'volatility': 0.0010775897175847294, 'sharpe': -0.9110983340702525, 'max_drawdown': -0.001557123872850119, 'total_return': -0.001557123872850119}, '2025-26': {'annual_arithmetic': -0.0025460687621903654, 'annual_geometric': -0.002545785627875774, 'volatility': 0.0024305795852669464, 'sharpe': -1.047515077318785, 'max_drawdown': -0.004501275593955634, 'total_return': -0.004501275593955634}}}
fomc_long_ETH_h2_p1_fee5 {'status': 'complete_proxy', 'invalid': [], 'events': 27, 'events_filled': 2, 'imbalanced_events': 2, 'capital_final': 99885.81783745, 'cash_pnl': -114.18216255, 'max_event_premium_fraction': 0.0009273104071056493, 'total_fills': 2, 'statuses': {'imbalanced': 2, 'no_fill': 25}, 'metrics': {'full': {'annual_arithmetic': -0.00034029485542867683, 'annual_geometric': -0.0003403526874228291, 'volatility': 0.0004809123944404319, 'sharpe': -0.707602589084086, 'max_drawdown': -0.001141821625499917, 'total_return': -0.001141821625499917}, '2023-24': {'annual_arithmetic': -0.000719967526597805, 'annual_geometric': -0.0007199531620555311, 'volatility': 0.0006992941328084757, 'sharpe': -1.0295632307199571, 'max_drawdown': -0.001141821625499917, 'total_return': -0.001141821625499917}, '2025-26': {'annual_arithmetic': 0.0, 'annual_geometric': 0.0, 'volatility': 0.0, 'sharpe': None, 'max_drawdown': 0.0, 'total_return': 0.0}}}
fomc_long_ETH_h2_p2_fee5 {'status': 'complete_proxy', 'invalid': [], 'events': 27, 'events_filled': 0, 'imbalanced_events': 0, 'capital_final': 100000.0, 'cash_pnl': 0.0, 'max_event_premium_fraction': 0.0, 'total_fills': 0, 'statuses': {'no_fill': 19, 'no_pair_in_prior_hour': 8}, 'metrics': {'full': {'annual_arithmetic': 0.0, 'annual_geometric': 0.0, 'volatility': 0.0, 'sharpe': None, 'max_drawdown': 0.0, 'total_return': 0.0}, '2023-24': {'annual_arithmetic': 0.0, 'annual_geometric': 0.0, 'volatility': 0.0, 'sharpe': None, 'max_drawdown': 0.0, 'total_return': 0.0}, '2025-26': {'annual_arithmetic': 0.0, 'annual_geometric': 0.0, 'volatility': 0.0, 'sharpe': None, 'max_drawdown': 0.0, 'total_return': 0.0}}}
Running options_audit.py
{
  "status": "passed",
  "paths": 24,
  "point_in_time_checks": 298,
  "fills_checked": 127,
  "imbalanced_events_including_stress": 87,
  "max_hold_hours": 47.91594555555555,
  "max_cash_error_usd": 2.9103830456733704e-11,
  "max_daily_return_error": 3.3306690738754696e-16,
  "execution_quotes_verified": false,
  "remaining_limitations": [
    "Historical prints do not prove fill availability",
    "Interim mark timestamps may precede valuation by up to one hour",
    "Conversion at delivery TWAP plus fixed spread is a proxy",
    "Event schedule is reconstructed from current official historical calendar",
    "No original-strategy synchronized portfolio test"
  ],
  "input_sha256": "ab1adfac89f8fa6e508b69ab12c66988334727302cc895fe6533fbe613d7f30d"
}
Running options_report.py
# 议息事件短期买入期权：成交代理研究

**这不是已验证可执行的策略，也尚未证明能改善原组合。** 以下权益使用历史普通买方向成交作为买入代理；没有历史盘口，不能把成交假设当成真实订单结果。

固定27次议息事件、4项假设、3个入场相位、两档成本。取得54/54个事件币种完整时间窗，共95,582笔原始成交。选约状态：{'selected': 298, 'no_pair_in_prior_hour': 26}。

| 结构 | 全期年化/Sharpe | 2023–24 Sharpe | 2025–26年化/Sharpe | 后段相位范围 | 压力成本后段Sharpe | 平均有成交事件/27 | 每事件实际投入账户比例 |
|---|---|---|---|---|---|---|---|
| BTC，1日到期 | -0.20% / -0.07 | -0.42 | -0.07% / -0.36 | -1.08–0.75 | -0.27 | 6.0 | 0.080% |
| BTC，2日到期 | 不可用 | 不可用 | 不可用 | 不可用 | 不可用 | 5.3 | 0.069% |
| ETH，1日到期 | 不可用 | 不可用 | 不可用 | 不可用 | 不可用 | 3.7 | 0.020% |
| ETH，2日到期 | 不可用 | 不可用 | 不可用 | 不可用 | 不可用 | 1.3 | 0.009% |

年化为整个10万美元账户的日历日算术年化；收益没有按投入权利金或持仓小时放大。三个相位等权汇总的是指标，不是三条策略同时共享一份资金。未成交事件保留为现金，缺失来源使对应结果不可用。
All option screen and audit stages complete.
