stock_gap_up_h1_p0_fee5 0.272 0.0459 398
stock_gap_up_h1_p0_fee15 -0.051 0.0311 398
stock_gap_up_h2_p0_fee5 0.28 -0.0031 133
stock_gap_up_h2_p0_fee15 0.157 -0.0071 133
stock_gap_up_h2_p1_fee5 -0.26 -0.0323 152
stock_gap_up_h2_p1_fee15 -0.364 -0.0382 152
stock_trend_dip_h1_p0_fee5 -0.524 -0.1468 5110
stock_trend_dip_h1_p0_fee15 -1.886 -0.2876 5110
stock_trend_dip_h2_p0_fee5 0.014 -0.029 1979
stock_trend_dip_h2_p0_fee15 -0.521 -0.0819 1979
stock_trend_dip_h2_p1_fee5 0.115 -0.0957 2019
stock_trend_dip_h2_p1_fee15 -0.48 -0.15 2019
stock_residual_drop_h1_p0_fee5 -0.83 -0.1456 2666
stock_residual_drop_h1_p0_fee15 -1.6 -0.2348 2666
stock_residual_drop_h2_p0_fee5 -0.095 -0.0962 1058
stock_residual_drop_h2_p0_fee15 -0.391 -0.1274 1058
stock_residual_drop_h2_p1_fee5 0.249 0.0633 970
stock_residual_drop_h2_p1_fee15 -0.096 0.0304 970
stock_gap_down_h1_p0_fee5 -0.423 -0.0588 370
stock_gap_down_h1_p0_fee15 -0.665 -0.0722 370
stock_gap_down_h2_p0_fee5 -0.109 -0.0371 131
stock_gap_down_h2_p0_fee15 -0.222 -0.0426 131
stock_gap_down_h2_p1_fee5 -0.372 -0.0186 113
stock_gap_down_h2_p1_fee15 -0.48 -0.0204 113
etf_trend_dip_h1_p0_fee5 -1.463 -0.0816 4971
etf_trend_dip_h1_p0_fee15 -4.065 -0.2424 4971
etf_trend_dip_h2_p0_fee5 -0.432 -0.0246 1972
etf_trend_dip_h2_p0_fee15 -1.49 -0.0873 1972
etf_trend_dip_h2_p1_fee5 -0.565 -0.0137 1848
etf_trend_dip_h2_p1_fee15 -1.609 -0.077 1848
etf_shock_rebound_h1_p0_fee5 -0.359 0.0049 147
etf_shock_rebound_h1_p0_fee15 -0.634 0.0008 147
etf_shock_rebound_h2_p0_fee5 -0.247 -0.0124 69
etf_shock_rebound_h2_p0_fee15 -0.357 -0.0144 69
etf_shock_rebound_h2_p1_fee5 -0.304 -0.0062 59
etf_shock_rebound_h2_p1_fee15 -0.486 -0.0077 59
