probes saved
0 / 19152 elapsed 0
500 / 19152 elapsed 0
1000 / 19152 elapsed 0
1500 / 19152 elapsed 0
2000 / 19152 elapsed 0
2500 / 19152 elapsed 0
3000 / 19152 elapsed 0
3500 / 19152 elapsed 0
4000 / 19152 elapsed 5
4500 / 19152 elapsed 8
5000 / 19152 elapsed 22
5500 / 19152 elapsed 22
6000 / 19152 elapsed 22
6500 / 19152 elapsed 28
7000 / 19152 elapsed 28
7500 / 19152 elapsed 28
8000 / 19152 elapsed 33
8500 / 19152 elapsed 34
9000 / 19152 elapsed 38
9500 / 19152 elapsed 46
10000 / 19152 elapsed 53
10500 / 19152 elapsed 53
11000 / 19152 elapsed 53
11500 / 19152 elapsed 54
12000 / 19152 elapsed 55
12500 / 19152 elapsed 61
13000 / 19152 elapsed 63
13500 / 19152 elapsed 65
14000 / 19152 elapsed 68
14500 / 19152 elapsed 71
15000 / 19152 elapsed 80
15500 / 19152 elapsed 80
16000 / 19152 elapsed 82
16500 / 19152 elapsed 86
17000 / 19152 elapsed 90
17500 / 19152 elapsed 91
18000 / 19152 elapsed 93
18500 / 19152 elapsed 97
19000 / 19152 elapsed 101
done {200: 19151, 404: 1}
