RUN dd_0.1_0.333
RUN dd_0.1_0.667
RUN dd_0.1_0.850
RUN dd_0.2_0.333
RUN dd_0.2_0.667
RUN dd_0.2_0.850
RUN dd_0.3_0.333
RUN dd_0.3_0.667
RUN dd_0.3_0.850
RUN corr_20_0.333
RUN corr_20_0.667
RUN corr_60_0.333
RUN corr_60_0.667
RUN vol_10_False_0.333
RUN vol_10_False_0.667
RUN vol_10_True_0.333
RUN vol_10_True_0.667
RUN vol_20_False_0.333
RUN vol_20_False_0.667
RUN vol_20_True_0.333
RUN vol_20_True_0.667
RUN tail_beta_0.05
RUN tail_beta_0.1
RUN tail_beta_0.2
RUN actual_dd_0.1_0.333
RUN actual_dd_0.1_0.667
RUN actual_dd_0.1_0.850
RUN actual_dd_0.2_0.333
RUN actual_dd_0.2_0.667
RUN actual_dd_0.2_0.850
RUN actual_dd_0.3_0.333
RUN actual_dd_0.3_0.667
RUN actual_dd_0.3_0.850
BOOT 15
BOOT 30
BOOT 60
SURVIVORS []
BASELINE {'full': {'sharpe': 1.5444004362481543, 'annual_return': 1.2376474675184073, 'annual_vol': 0.8025364431227188, 'cagr': 1.5591833681099159, 'mdd': -0.6336145277385659, 'phase_sharpes': [1.775955835038076, 1.1196563118905252, 1.7375891618158619], 'phase_sharpe_sd': 0.3683390812631507, 'turnover': 0.7399186904814982, 'annual_cost': 0.20255274151931013, 'mean_gross': 2.369275705600493, 'mean_abs_net': 0.23522122526271752, 'correlation_baseline': 1.0}, '2023-24': {'sharpe': 0.4255000615131241, 'annual_return': 0.2940683098180012, 'annual_vol': 0.731216002153061, 'cagr': 0.1559366553889836, 'mdd': -0.6306144048427229, 'phase_sharpes': [0.9124179761844423, -0.5587273539618486, 0.9228095623167784], 'phase_sharpe_sd': 0.8523817808323889, 'turnover': 0.6282320852514193, 'annual_cost': 0.171978533337576, 'mean_gross': 1.9622266978858958, 'mean_abs_net': 0.21898137078621085, 'correlation_baseline': 1.0}, '2025-26': {'sharpe': 2.3270314402323904, 'annual_return': 1.9825009055783218, 'annual_vol': 0.8523445698578875, 'cagr': 4.027417748712613, 'mdd': -0.4815308318931069, 'phase_sharpes': [2.3864971671981285, 2.3325706137347995, 2.2620265397642427], 'phase_sharpe_sd': 0.06241991754050662, 'turnover': 0.8280831557645247, 'annual_cost': 0.22668776389053863, 'mean_gross': 2.6905967631723904, 'mean_abs_net': 0.24804082957646534, 'correlation_baseline': 1.0}}
