functions ['sif', 'maxT'] source /Users/wonder/Code/stars/research/distribution_stagger_20261008
hour_0 1.792 1.0
hour_1 1.838 1.0
hour_2 1.764 1.0
hour_3 1.742 1.0
hour_4 1.683 1.0
hour_5 1.747 1.0
hour_6 1.848 1.0
hour_7 1.821 1.0
hour_8 1.694 1.0
hour_9 1.656 1.0
hour_10 1.673 1.0
hour_11 1.861 1.0
hour_12 1.867 1.0
hour_13 1.929 1.0
hour_14 1.893 1.0
hour_15 1.99 1.0
hour_16 1.724 1.0
hour_17 1.498 1.0
hour_18 1.47 1.0
hour_19 1.594 1.0
hour_20 1.506 1.0
hour_21 1.29 1.0
hour_22 1.484 1.0
hour_23 1.299 1.0
baseline 1.792 None
