DAILY RUNS COMPLETE
baseline [1.544, 0.426, 2.327] None
low_skew [0.423, 0.114, 0.655] 1.0
blend_low_skew [1.561, 0.461, 2.325] 1.0
low_cosbtc [0.338, -0.427, 0.802] 1.0
blend_low_cosbtc [1.638, 0.436, 2.481] 1.0
low_cosew [0.244, 0.462, 0.106] 1.0
blend_low_cosew [1.54, 0.547, 2.247] 1.0
low_MAX [0.469, 0.006, 0.771] 1.0
blend_low_MAX [1.496, 0.408, 2.226] 1.0
low_kurt [0.551, 0.248, 0.761] 1.0
blend_low_kurt [1.674, 0.559, 2.44] 1.0
high_kurt [-1.007, -0.684, -1.234] 1.0
blend_high_kurt [1.263, 0.284, 1.983] 1.0
uniform_2 [1.398, 0.14, 2.274] 1.0
uniform_4 [1.56, 0.662, 2.159] 1.0
uniform_5 [1.666, 0.752, 2.289] 1.0
uniform_6 [1.714, 0.874, 2.278] 1.0
vol_2_3_4 [1.413, 0.41, 2.098] 1.0
vol_1_3_6 [1.404, 0.523, 1.999] 1.0
turn_2_3_4 [1.494, 0.588, 2.11] 1.0
turn_1_3_6 [1.317, 0.267, 2.04] 1.0
UPPER [('5pct_half_gross', [1.705, 0.559, 2.508]), ('5pct_unit_gross', [1.751, 0.61, 2.551]), ('5pct_equity', [1.78, 0.642, 2.578]), ('zero_cost', [1.798, 0.661, 2.595])]
