/Users/wonder/miniconda3/lib/python3.12/site-packages/numpy/lib/_function_base_impl.py:3065: RuntimeWarning: invalid value encountered in divide
  c /= stddev[:, None]
/Users/wonder/miniconda3/lib/python3.12/site-packages/numpy/lib/_function_base_impl.py:3066: RuntimeWarning: invalid value encountered in divide
  c /= stddev[None, :]
functions ['sif', 'maxT'] source /Users/wonder/Code/stars/research/distribution_stagger_20261008
=== 全期（相位平均）===
方案                         年化  Sharpe       回撤      日均换手
--------------------------------------------------------
每日全量                    42.6%    1.62   -30.1%     29.0%
错峰 2 档                  45.5%    1.67   -30.2%     17.7%
错峰 3 档                  48.1%    1.79   -27.3%     13.1%
错峰 4 档                  47.3%    1.75   -25.6%     10.6%

=== 子区间（相位平均）===
区间                        每日全量            错峰 3 档
               Sharpe       年化   Sharpe       年化
------------------------------------------------
2023-2024        0.37     9.5%     0.73    18.5%
2025-2026        2.58    68.8%     2.60    71.6%
2023-2026        1.62    42.6%     1.79    48.1%
hourly core and legacy reproduction completed
