marginal_20261008 1.5444004362481545
distribution_stagger_20261008 1.5444004362481545
liq_oi_20261008 1.5444004362481545
family 32 pairs 3 screened 45
leadlag_20261008 1.5444004362481545
RUN dd_0.1_0.333
RUN dd_0.1_0.667
RUN dd_0.1_0.850
RUN dd_0.2_0.333
RUN dd_0.2_0.667
RUN dd_0.2_0.850
RUN dd_0.3_0.333
RUN dd_0.3_0.667
RUN dd_0.3_0.850
RUN corr_20_0.333
RUN corr_20_0.667
RUN corr_60_0.333
RUN corr_60_0.667
RUN vol_10_False_0.333
RUN vol_10_False_0.667
RUN vol_10_True_0.333
RUN vol_10_True_0.667
RUN vol_20_False_0.333
RUN vol_20_False_0.667
RUN vol_20_True_0.333
RUN vol_20_True_0.667
RUN tail_beta_0.05
RUN tail_beta_0.1
RUN tail_beta_0.2
RUN actual_dd_0.1_0.333
RUN actual_dd_0.1_0.667
RUN actual_dd_0.1_0.850
RUN actual_dd_0.2_0.333
RUN actual_dd_0.2_0.667
RUN actual_dd_0.2_0.850
RUN actual_dd_0.3_0.333
RUN actual_dd_0.3_0.667
RUN actual_dd_0.3_0.850
