distance20_mix_k1_p0 0.529 1.5091
distance20_single_k1_p0 0.386 1.4064
distance20_universe_k1_p0 1.1692 1.6056
binary20_mix_k1_p0 1.0724 1.679
binary20_single_k1_p0 1.1836 1.1263
binary20_universe_k1_p0 1.1692 1.6056
distance60_mix_k1_p0 0.6488 1.3927
distance60_single_k1_p0 0.6503 0.957
distance60_universe_k1_p0 1.4458 1.572
binary60_mix_k1_p0 1.0656 1.5788
binary60_single_k1_p0 1.2613 0.7741
binary60_universe_k1_p0 1.4458 1.572
distance120_mix_k1_p0 0.53 1.3511
distance120_single_k1_p0 0.2477 0.7832
distance120_universe_k1_p0 1.4863 1.5674
binary120_mix_k1_p0 0.9522 1.5482
binary120_single_k1_p0 0.8641 0.6239
binary120_universe_k1_p0 1.4863 1.5674
distance252_mix_k1_p0 0.5413 1.2299
distance252_single_k1_p0 0.3976 0.524
distance252_universe_k1_p0 1.5476 1.4931
binary252_mix_k1_p0 0.7025 1.4705
binary252_single_k1_p0 0.3851 0.4236
binary252_universe_k1_p0 1.5476 1.4931
high52_mix_k1_p0 0.8772 1.0515
high52_single_k1_p0 0.8737 0.3704
high52_universe_k1_p0 1.3212 1.3317
channel20_mix_k1_p0 1.1595 1.7406
channel20_single_k1_p0 1.6431 1.7273
channel20_universe_k1_p0 1.1692 1.6056
channel120_mix_k1_p0 0.7903 1.4928
channel120_single_k1_p0 0.7423 0.9697
channel120_universe_k1_p0 1.4863 1.5674
