baseline_mix_k3_p0 1.3176 0.738
baseline_mix_k3_p1 1.0021 0.7398
baseline_mix_k3_p2 1.0461 0.7443
distance20_mix_k3_p0 0.7728 0.7023
distance20_mix_k3_p1 0.9076 0.6925
distance20_mix_k3_p2 0.4009 0.7126
distance20_single_k3_p0 0.5224 0.7389
distance20_single_k3_p1 0.7033 0.7504
distance20_single_k3_p2 0.5405 0.7507
binary20_mix_k3_p0 1.0279 0.7421
binary20_mix_k3_p1 1.2116 0.724
binary20_mix_k3_p2 0.5127 0.752
binary20_single_k3_p0 0.7266 0.5183
binary20_single_k3_p1 1.0954 0.5217
binary20_single_k3_p2 0.7425 0.5305
distance60_mix_k3_p0 0.6481 0.644
distance60_mix_k3_p1 0.9531 0.6284
distance60_mix_k3_p2 0.8509 0.6326
distance60_single_k3_p0 0.7011 0.5209
distance60_single_k3_p1 0.6739 0.5269
distance60_single_k3_p2 1.1483 0.501
binary60_mix_k3_p0 0.9006 0.6978
binary60_mix_k3_p1 1.6418 0.6718
binary60_mix_k3_p2 1.079 0.6976
binary60_single_k3_p0 1.104 0.3722
binary60_single_k3_p1 1.1618 0.3776
binary60_single_k3_p2 0.9518 0.3943
distance120_mix_k3_p0 1.0956 0.6063
distance120_mix_k3_p1 1.1699 0.6008
distance120_mix_k3_p2 0.6621 0.6123
distance120_single_k3_p0 0.5747 0.4249
distance120_single_k3_p1 0.5975 0.4415
distance120_single_k3_p2 0.3549 0.4321
binary120_mix_k3_p0 1.3253 0.6755
binary120_mix_k3_p1 1.6666 0.6665
binary120_mix_k3_p2 0.9897 0.6852
binary120_single_k3_p0 0.5487 0.3301
binary120_single_k3_p1 0.7636 0.3269
binary120_single_k3_p2 0.6351 0.3276
distance252_mix_k3_p0 1.1958 0.5459
distance252_mix_k3_p1 1.1924 0.5351
distance252_mix_k3_p2 0.6406 0.5549
distance252_single_k3_p0 0.7305 0.2983
distance252_single_k3_p1 0.3927 0.3031
distance252_single_k3_p2 0.4953 0.3073
binary252_mix_k3_p0 1.1414 0.6495
binary252_mix_k3_p1 1.7537 0.6321
binary252_mix_k3_p2 0.9597 0.6401
binary252_single_k3_p0 0.0378 0.2551
binary252_single_k3_p1 0.4101 0.2354
binary252_single_k3_p2 0.5896 0.2417
high52_mix_k3_p0 1.3442 0.4613
high52_mix_k3_p1 1.2475 0.4559
high52_mix_k3_p2 1.3512 0.461
high52_single_k3_p0 0.8251 0.2235
high52_single_k3_p1 0.7171 0.2278
high52_single_k3_p2 1.0656 0.2234
channel20_mix_k3_p0 1.1781 0.781
channel20_mix_k3_p1 1.2155 0.7707
channel20_mix_k3_p2 0.6947 0.7926
channel20_single_k3_p0 1.2388 0.8483
channel20_single_k3_p1 1.1976 0.8632
channel20_single_k3_p2 1.0888 0.8626
channel120_mix_k3_p0 1.1778 0.6723
channel120_mix_k3_p1 1.348 0.6575
channel120_mix_k3_p2 0.9238 0.6655
channel120_single_k3_p0 0.8642 0.5043
channel120_single_k3_p1 1.0288 0.5129
channel120_single_k3_p2 0.7404 0.5068
