{
  "input_hashes_unchanged": true,
  "runs": 148,
  "failed_runs": [
    {
      "key": "baseline_mix_k10_p1",
      "invalid": true,
      "failure_t": 1709510400000
    },
    {
      "key": "baseline_mix_k10_p3",
      "invalid": true,
      "failure_t": 1709510400000
    },
    {
      "key": "channel20_mix_k10_p1",
      "invalid": true,
      "failure_t": 1709769600000
    },
    {
      "key": "channel20_mix_k10_p3",
      "invalid": true,
      "failure_t": 1709424000000
    }
  ],
  "missing_quote_events": 0
}
