fundingfunding BTC 10 5000 1704110400368 
ETH 10 5000 1704110400368
fundingfunding BTC ETH 20 10000 1722110400042
 20 10000 1722110400042
funding BTC 30 15000 1740114000032
funding ETH 30 15000 1740114000032
funding BTC 40 20000 1758114000062
funding BTC 50 25000 1776114000039
{'coin': 'BTC', 'funding_rows': 29250, 'start': 1685577600139, 'end': 1791414000006}
funding ETH 40 20000 1758114000062
funding ETH 50 25000 1776114000039
funding SOL 10 5000 1704110400368
{'coin': 'ETH', 'funding_rows': 29250, 'start': 1685577600139, 'end': 1791414000006}
{'symbol': 'BTCUSDT', 'spot_rows': 1226, 'start': 1685577600000, 'end': 1791417600000}
{'symbol': 'ETHUSDT', 'spot_rows': 1226, 'start': 1685577600000, 'end': 1791417600000}
{'symbol': 'SOLUSDT', 'spot_rows': 1226, 'start': 1685577600000, 'end': 1791417600000}
{'symbol': 'USDCUSDT', 'spot_rows': 1226, 'start': 1685577600000, 'end': 1791417600000}
funding SOL 20 10000 1722110400042
funding SOL 30 15000 1740114000032
funding SOL 40 20000 1758114000062
funding SOL 50 25000 1776114000039
{'coin': 'SOL', 'funding_rows': 29250, 'start': 1685577600139, 'end': 1791414000006}
